<html>
<body>
<pre>
<h1>礦ision Build Log</h1>
<h2>Tool Versions:</h2>
IDE-Version: μVision V5.36.0.0
Copyright (C) 2021 ARM Ltd and ARM Germany GmbH. All rights reserved.
License Information: chuanlong xie, no, LIC=RC93N-Y8A72-Z9ZG9-421YS-TL52L-RRCCY
 
Tool Versions:
Toolchain:       MDK-ARM Plus  Version: 5.36.0.0
Toolchain Path:  D:\MDK\ARM\ARMCC\Bin
C Compiler:      Armcc.exe V5.06 update 7 (build 960)
Assembler:       Armasm.exe V5.06 update 7 (build 960)
Linker/Locator:  ArmLink.exe V5.06 update 7 (build 960)
Library Manager: ArmAr.exe V5.06 update 7 (build 960)
Hex Converter:   FromElf.exe V5.06 update 7 (build 960)
CPU DLL:         SARMCM3.DLL V5.36.0.0
Dialog DLL:      DARMSTM.DLL V1.68.0.0
Target DLL:      Segger\JL2CM3.dll V2.99.40.0
Dialog DLL:      TARMSTM.DLL V1.66.0.0
 
<h2>Project:</h2>
F:\存储位置\嵌入式\嵌入式大作业\2，程序源码\USER\OV7670_OV7725.uvprojx
Project File Date:  06/03/2023

<h2>Output:</h2>
*** Using Compiler 'V5.06 update 7 (build 960)', folder: 'D:\MDK\ARM\ARMCC\Bin'
Rebuild target 'OV7670_OV7725'
assembling startup_stm32f10x_hd.s...
compiling stm32f10x_it.c...
compiling core_cm3.c...
compiling key.c...
compiling misc.c...
compiling delay.c...
compiling sccb.c...
compiling system_stm32f10x.c...
compiling usart.c...
compiling sys.c...
compiling ov7725.c...
compiling timer.c...
compiling exti.c...
compiling main.c...
compiling stm32f10x_fsmc.c...
compiling stm32f10x_gpio.c...
compiling stm32f10x_rcc.c...
compiling stm32f10x_usart.c...
compiling stm32f10x_exti.c...
compiling lcd.c...
compiling usmart_config.c...
compiling usmart.c...
compiling usmart_str.c...
compiling stm32f10x_tim.c...
linking...
Program Size: Code=20716 RO-data=6800 RW-data=392 ZI-data=1336  
FromELF: creating hex file...
"..\OBJ\OV7670.axf" - 0 Error(s), 0 Warning(s).

<h2>Software Packages used:</h2>

Package Vendor: Keil
                http://www.keil.com/pack/Keil.STM32F1xx_DFP.2.3.0.pack
                Keil.STM32F1xx_DFP.2.3.0
                STMicroelectronics STM32F1 Series Device Support, Drivers and Examples

<h2>Collection of Component include folders:</h2>
  D:\MDK\Packs\Keil\STM32F1xx_DFP\2.3.0\Device\Include

<h2>Collection of Component Files used:</h2>
Build Time Elapsed:  00:00:02
</pre>
</body>
</html>
