Component: ARM Compiler 5.06 update 7 (build 960) Tool: armlink [4d3601]

==============================================================================

Section Cross References

    main.o(i.OV7725_camera_refresh) refers to lcd.o(i.LCD_Scan_Dir) for LCD_Scan_Dir
    main.o(i.OV7725_camera_refresh) refers to lcd.o(i.LCD_Set_Window) for LCD_Set_Window
    main.o(i.OV7725_camera_refresh) refers to lcd.o(i.LCD_WriteRAM_Prepare) for LCD_WriteRAM_Prepare
    main.o(i.OV7725_camera_refresh) refers to exti.o(.data) for ov_sta
    main.o(i.OV7725_camera_refresh) refers to lcd.o(.bss) for lcddev
    main.o(i.main) refers to delay.o(i.delay_init) for delay_init
    main.o(i.main) refers to usart.o(i.uart_init) for uart_init
    main.o(i.main) refers to key.o(i.KEY_Init) for KEY_Init
    main.o(i.main) refers to lcd.o(i.LCD_Init) for LCD_Init
    main.o(i.main) refers to lcd.o(i.LCD_ShowString) for LCD_ShowString
    main.o(i.main) refers to ov7725.o(i.OV7725_Init) for OV7725_Init
    main.o(i.main) refers to delay.o(i.delay_ms) for delay_ms
    main.o(i.main) refers to lcd.o(i.LCD_Fill) for LCD_Fill
    main.o(i.main) refers to key.o(i.KEY_Scan) for KEY_Scan
    main.o(i.main) refers to ov7725.o(i.OV7725_Window_Set) for OV7725_Window_Set
    main.o(i.main) refers to exti.o(i.EXTI8_Init) for EXTI8_Init
    main.o(i.main) refers to ov7725.o(i.OV7725_Light_Mode) for OV7725_Light_Mode
    main.o(i.main) refers to main.o(i.OV7725_camera_refresh) for OV7725_camera_refresh
    main.o(i.main) refers to lcd.o(.data) for POINT_COLOR
    main.o(i.main) refers to main.o(.data) for .data
    main.o(.data) refers to main.o(.conststring) for .conststring
    system_stm32f10x.o(i.SystemCoreClockUpdate) refers to system_stm32f10x.o(.data) for .data
    system_stm32f10x.o(i.SystemInit) refers to system_stm32f10x.o(i.SetSysClockTo72) for SetSysClockTo72
    key.o(i.KEY_Init) refers to stm32f10x_rcc.o(i.RCC_APB2PeriphClockCmd) for RCC_APB2PeriphClockCmd
    key.o(i.KEY_Init) refers to stm32f10x_gpio.o(i.GPIO_Init) for GPIO_Init
    key.o(i.KEY_Scan) refers to stm32f10x_gpio.o(i.GPIO_ReadInputDataBit) for GPIO_ReadInputDataBit
    key.o(i.KEY_Scan) refers to delay.o(i.delay_ms) for delay_ms
    key.o(i.KEY_Scan) refers to key.o(.data) for .data
    lcd.o(i.LCD_Clear) refers to lcd.o(i.LCD_SetCursor) for LCD_SetCursor
    lcd.o(i.LCD_Clear) refers to lcd.o(i.LCD_WriteRAM_Prepare) for LCD_WriteRAM_Prepare
    lcd.o(i.LCD_Clear) refers to lcd.o(.bss) for .bss
    lcd.o(i.LCD_Color_Fill) refers to lcd.o(i.LCD_SetCursor) for LCD_SetCursor
    lcd.o(i.LCD_Color_Fill) refers to lcd.o(i.LCD_WriteRAM_Prepare) for LCD_WriteRAM_Prepare
    lcd.o(i.LCD_DisplayOff) refers to lcd.o(.bss) for .bss
    lcd.o(i.LCD_DisplayOn) refers to lcd.o(.bss) for .bss
    lcd.o(i.LCD_Display_Dir) refers to lcd.o(i.LCD_Scan_Dir) for LCD_Scan_Dir
    lcd.o(i.LCD_Display_Dir) refers to lcd.o(.bss) for .bss
    lcd.o(i.LCD_DrawLine) refers to lcd.o(i.LCD_DrawPoint) for LCD_DrawPoint
    lcd.o(i.LCD_DrawPoint) refers to lcd.o(i.LCD_SetCursor) for LCD_SetCursor
    lcd.o(i.LCD_DrawPoint) refers to lcd.o(i.LCD_WriteRAM_Prepare) for LCD_WriteRAM_Prepare
    lcd.o(i.LCD_DrawPoint) refers to lcd.o(.data) for .data
    lcd.o(i.LCD_DrawRectangle) refers to lcd.o(i.LCD_DrawLine) for LCD_DrawLine
    lcd.o(i.LCD_Draw_Circle) refers to lcd.o(i.LCD_DrawPoint) for LCD_DrawPoint
    lcd.o(i.LCD_Fast_DrawPoint) refers to lcd.o(.bss) for .bss
    lcd.o(i.LCD_Fill) refers to lcd.o(i.LCD_SetCursor) for LCD_SetCursor
    lcd.o(i.LCD_Fill) refers to lcd.o(i.LCD_WriteRAM_Prepare) for LCD_WriteRAM_Prepare
    lcd.o(i.LCD_Init) refers to _printf_percent.o(.ARM.Collect$$_printf_percent$$00000000) for _printf_percent
    lcd.o(i.LCD_Init) refers to _printf_x.o(.ARM.Collect$$_printf_percent$$0000000C) for _printf_x
    lcd.o(i.LCD_Init) refers to _printf_hex_int.o(.text) for _printf_longlong_hex
    lcd.o(i.LCD_Init) refers to stm32f10x_rcc.o(i.RCC_AHBPeriphClockCmd) for RCC_AHBPeriphClockCmd
    lcd.o(i.LCD_Init) refers to stm32f10x_rcc.o(i.RCC_APB2PeriphClockCmd) for RCC_APB2PeriphClockCmd
    lcd.o(i.LCD_Init) refers to stm32f10x_gpio.o(i.GPIO_Init) for GPIO_Init
    lcd.o(i.LCD_Init) refers to stm32f10x_fsmc.o(i.FSMC_NORSRAMInit) for FSMC_NORSRAMInit
    lcd.o(i.LCD_Init) refers to stm32f10x_fsmc.o(i.FSMC_NORSRAMCmd) for FSMC_NORSRAMCmd
    lcd.o(i.LCD_Init) refers to delay.o(i.delay_ms) for delay_ms
    lcd.o(i.LCD_Init) refers to lcd.o(i.LCD_RD_DATA) for LCD_RD_DATA
    lcd.o(i.LCD_Init) refers to lcd.o(i.LCD_WriteReg) for LCD_WriteReg
    lcd.o(i.LCD_Init) refers to noretval__2printf.o(.text) for __2printf
    lcd.o(i.LCD_Init) refers to lcd.o(.bss) for .bss
    lcd.o(i.LCD_Init) refers to delay.o(i.delay_us) for delay_us
    lcd.o(i.LCD_Init) refers to lcd.o(i.LCD_SSD_BackLightSet) for LCD_SSD_BackLightSet
    lcd.o(i.LCD_Init) refers to lcd.o(i.LCD_Display_Dir) for LCD_Display_Dir
    lcd.o(i.LCD_Init) refers to lcd.o(i.LCD_Clear) for LCD_Clear
[...]
    ../clib/signal.c                         0x00000000   Number         0  defsig_fpe_inner.o ABSOLUTE
    ../clib/signal.c                         0x00000000   Number         0  defsig_rtred_inner.o ABSOLUTE
    ../clib/signal.c                         0x00000000   Number         0  defsig_stak_inner.o ABSOLUTE
    ../clib/signal.c                         0x00000000   Number         0  defsig_pvfn_inner.o ABSOLUTE
    ../clib/signal.c                         0x00000000   Number         0  defsig_rtmem_outer.o ABSOLUTE
    ../clib/signal.c                         0x00000000   Number         0  __raise.o ABSOLUTE
    ../clib/signal.c                         0x00000000   Number         0  defsig_rtmem_formal.o ABSOLUTE
    ../clib/signal.c                         0x00000000   Number         0  defsig_cppl_inner.o ABSOLUTE
    ../clib/signal.c                         0x00000000   Number         0  defsig_other.o ABSOLUTE
    ../clib/signal.c                         0x00000000   Number         0  defsig_general.o ABSOLUTE
    ../clib/signal.c                         0x00000000   Number         0  defsig_exit.o ABSOLUTE
    ../clib/signal.c                         0x00000000   Number         0  defsig_rtmem_inner.o ABSOLUTE
    ../clib/signal.s                         0x00000000   Number         0  defsig.o ABSOLUTE
    ../clib/stdio.c                          0x00000000   Number         0  ferror_locked.o ABSOLUTE
    ../clib/stdio.c                          0x00000000   Number         0  ferror.o ABSOLUTE
    ../clib/stdlib.c                         0x00000000   Number         0  exit.o ABSOLUTE
    ../fplib/dfixu.s                         0x00000000   Number         0  dfixu.o ABSOLUTE
    ../fplib/dflt.s                          0x00000000   Number         0  dflt_clz.o ABSOLUTE
    ../fplib/dmul.s                          0x00000000   Number         0  dmul.o ABSOLUTE
    ../fplib/dnaninf.s                       0x00000000   Number         0  dnaninf.o ABSOLUTE
    ../fplib/dretinf.s                       0x00000000   Number         0  dretinf.o ABSOLUTE
    ../fplib/fpinit.s                        0x00000000   Number         0  fpinit.o ABSOLUTE
    ../fplib/usenofp.s                       0x00000000   Number         0  usenofp.o ABSOLUTE
    ..\CORE\core_cm3.c                       0x00000000   Number         0  core_cm3.o ABSOLUTE
    ..\CORE\startup_stm32f10x_hd.s           0x00000000   Number         0  startup_stm32f10x_hd.o ABSOLUTE
    ..\HARDWARE\EXTI\exti.c                  0x00000000   Number         0  exti.o ABSOLUTE
    ..\HARDWARE\KEY\key.c                    0x00000000   Number         0  key.o ABSOLUTE
    ..\HARDWARE\LCD\lcd.c                    0x00000000   Number         0  lcd.o ABSOLUTE
    ..\HARDWARE\OV7670\sccb.c                0x00000000   Number         0  sccb.o ABSOLUTE
    ..\HARDWARE\OV7725\ov7725.c              0x00000000   Number         0  ov7725.o ABSOLUTE
    ..\HARDWARE\TIMER\timer.c                0x00000000   Number         0  timer.o ABSOLUTE
    ..\STM32F10x_FWLib\src\misc.c            0x00000000   Number         0  misc.o ABSOLUTE
    ..\STM32F10x_FWLib\src\stm32f10x_exti.c  0x00000000   Number         0  stm32f10x_exti.o ABSOLUTE
    ..\STM32F10x_FWLib\src\stm32f10x_fsmc.c  0x00000000   Number         0  stm32f10x_fsmc.o ABSOLUTE
    ..\STM32F10x_FWLib\src\stm32f10x_gpio.c  0x00000000   Number         0  stm32f10x_gpio.o ABSOLUTE
    ..\STM32F10x_FWLib\src\stm32f10x_rcc.c   0x00000000   Number         0  stm32f10x_rcc.o ABSOLUTE
    ..\STM32F10x_FWLib\src\stm32f10x_tim.c   0x00000000   Number         0  stm32f10x_tim.o ABSOLUTE
    ..\STM32F10x_FWLib\src\stm32f10x_usart.c 0x00000000   Number         0  stm32f10x_usart.o ABSOLUTE
    ..\SYSTEM\delay\delay.c                  0x00000000   Number         0  delay.o ABSOLUTE
    ..\SYSTEM\sys\sys.c                      0x00000000   Number         0  sys.o ABSOLUTE
    ..\SYSTEM\usart\usart.c                  0x00000000   Number         0  usart.o ABSOLUTE
    ..\USMART\usmart.c                       0x00000000   Number         0  usmart.o ABSOLUTE
    ..\USMART\usmart_config.c                0x00000000   Number         0  usmart_config.o ABSOLUTE
    ..\USMART\usmart_str.c                   0x00000000   Number         0  usmart_str.o ABSOLUTE
    ..\\CORE\\core_cm3.c                     0x00000000   Number         0  core_cm3.o ABSOLUTE
    ..\\SYSTEM\\sys\\sys.c                   0x00000000   Number         0  sys.o ABSOLUTE
    dc.s                                     0x00000000   Number         0  dc.o ABSOLUTE
    main.c                                   0x00000000   Number         0  main.o ABSOLUTE
    stm32f10x_it.c                           0x00000000   Number         0  stm32f10x_it.o ABSOLUTE
    system_stm32f10x.c                       0x00000000   Number         0  system_stm32f10x.o ABSOLUTE
    RESET                                    0x08000000   Section      304  startup_stm32f10x_hd.o(RESET)
    !!!main                                  0x08000130   Section        8  __main.o(!!!main)
    !!!scatter                               0x08000138   Section       52  __scatter.o(!!!scatter)
    !!dczerorl2                              0x0800016c   Section       90  __dczerorl2.o(!!dczerorl2)
    !!handler_zi                             0x080001c8   Section       28  __scatter_zi.o(!!handler_zi)
    .ARM.Collect$$_printf_percent$$00000000  0x080001e4   Section        0  _printf_percent.o(.ARM.Collect$$_printf_percent$$00000000)
    .ARM.Collect$$_printf_percent$$00000009  0x080001e4   Section        6  _printf_d.o(.ARM.Collect$$_printf_percent$$00000009)
    .ARM.Collect$$_printf_percent$$0000000A  0x080001ea   Section        6  _printf_u.o(.ARM.Collect$$_printf_percent$$0000000A)
    .ARM.Collect$$_printf_percent$$0000000C  0x080001f0   Section        6  _printf_x.o(.ARM.Collect$$_printf_percent$$0000000C)
    .ARM.Collect$$_printf_percent$$00000013  0x080001f6   Section        6  _printf_c.o(.ARM.Collect$$_printf_percent$$00000013)
    .ARM.Collect$$_printf_percent$$00000014  0x080001fc   Section        6  _printf_s.o(.ARM.Collect$$_printf_percent$$00000014)
    .ARM.Collect$$_printf_percent$$00000017  0x08000202   Section        4  _printf_percent_end.o(.ARM.Collect$$_printf_percent$$00000017)
    .ARM.Collect$$libinit$$00000000          0x08000206   Section        2  libinit.o(.ARM.Collect$$libinit$$00000000)
    .ARM.Collect$$libinit$$00000002          0x08000208   Section        0  libinit2.o(.ARM.Collect$$libinit$$00000002)
    .ARM.Collect$$libinit$$00000004          0x08000208   Section        0  libinit2.o(.ARM.Collect$$libinit$$00000004)
    .ARM.Collect$$libinit$$0000000A          0x08000208   Section        0  libinit2.o(.ARM.Collect$$libinit$$0000000A)
    .ARM.Collect$$libinit$$0000000C          0x08000208   Section        0  libinit2.o(.ARM.Collect$$libinit$$0000000C)
    .ARM.Collect$$libinit$$0000000E          0x08000208   Section        0  libinit2.o(.ARM.Collect$$libinit$$0000000E)
    .ARM.Collect$$libinit$$00000011          0x08000208   Section        0  libinit2.o(.ARM.Collect$$libinit$$00000011)
    .ARM.Collect$$libinit$$00000013          0x08000208   Section        0  libinit2.o(.ARM.Collect$$libinit$$00000013)
    .ARM.Collect$$libinit$$00000015          0x08000208   Section        0  libinit2.o(.ARM.Collect$$libinit$$00000015)
    .ARM.Collect$$libinit$$00000017          0x08000208   Section        0  libinit2.o(.ARM.Collect$$libinit$$00000017)
    .ARM.Collect$$libinit$$00000019          0x08000208   Section        0  libinit2.o(.ARM.Collect$$libinit$$00000019)
    .ARM.Collect$$libinit$$0000001B          0x08000208   Section        0  libinit2.o(.ARM.Collect$$libinit$$0000001B)
    .ARM.Collect$$libinit$$0000001D          0x08000208   Section        0  libinit2.o(.ARM.Collect$$libinit$$0000001D)
    .ARM.Collect$$libinit$$0000001F          0x08000208   Section        0  libinit2.o(.ARM.Collect$$libinit$$0000001F)
    .ARM.Collect$$libinit$$00000021          0x08000208   Section        0  libinit2.o(.ARM.Collect$$libinit$$00000021)
    .ARM.Collect$$libinit$$00000023          0x08000208   Section        0  libinit2.o(.ARM.Collect$$libinit$$00000023)
    .ARM.Collect$$libinit$$00000025          0x08000208   Section        0  libinit2.o(.ARM.Collect$$libinit$$00000025)
    .ARM.Collect$$libinit$$0000002C          0x08000208   Section        0  libinit2.o(.ARM.Collect$$libinit$$0000002C)
    .ARM.Collect$$libinit$$0000002E          0x08000208   Section        0  libinit2.o(.ARM.Collect$$libinit$$0000002E)
    .ARM.Collect$$libinit$$00000030          0x08000208   Section        0  libinit2.o(.ARM.Collect$$libinit$$00000030)
    .ARM.Collect$$libinit$$00000032          0x08000208   Section        0  libinit2.o(.ARM.Collect$$libinit$$00000032)
    .ARM.Collect$$libinit$$00000033          0x08000208   Section        2  libinit2.o(.ARM.Collect$$libinit$$00000033)
    .ARM.Collect$$libshutdown$$00000000      0x0800020a   Section        2  libshutdown.o(.ARM.Collect$$libshutdown$$00000000)
    .ARM.Collect$$libshutdown$$00000002      0x0800020c   Section        0  libshutdown2.o(.ARM.Collect$$libshutdown$$00000002)
    .ARM.Collect$$libshutdown$$00000004      0x0800020c   Section        0  libshutdown2.o(.ARM.Collect$$libshutdown$$00000004)
    .ARM.Collect$$libshutdown$$00000006      0x0800020c   Section        0  libshutdown2.o(.ARM.Collect$$libshutdown$$00000006)
    .ARM.Collect$$libshutdown$$00000009      0x0800020c   Section        0  libshutdown2.o(.ARM.Collect$$libshutdown$$00000009)
    .ARM.Collect$$libshutdown$$0000000C      0x0800020c   Section        0  libshutdown2.o(.ARM.Collect$$libshutdown$$0000000C)
    .ARM.Collect$$libshutdown$$0000000E      0x0800020c   Section        0  libshutdown2.o(.ARM.Collect$$libshutdown$$0000000E)
    .ARM.Collect$$libshutdown$$00000011      0x0800020c   Section        0  libshutdown2.o(.ARM.Collect$$libshutdown$$00000011)
    .ARM.Collect$$libshutdown$$00000012      0x0800020c   Section        2  libshutdown2.o(.ARM.Collect$$libshutdown$$00000012)
    .ARM.Collect$$rtentry$$00000000          0x0800020e   Section        0  __rtentry.o(.ARM.Collect$$rtentry$$00000000)
    .ARM.Collect$$rtentry$$00000002          0x0800020e   Section        0  __rtentry2.o(.ARM.Collect$$rtentry$$00000002)
    .ARM.Collect$$rtentry$$00000004          0x0800020e   Section        6  __rtentry4.o(.ARM.Collect$$rtentry$$00000004)
    .ARM.Collect$$rtentry$$00000009          0x08000214   Section        0  __rtentry2.o(.ARM.Collect$$rtentry$$00000009)
    .ARM.Collect$$rtentry$$0000000A          0x08000214   Section        4  __rtentry2.o(.ARM.Collect$$rtentry$$0000000A)
    .ARM.Collect$$rtentry$$0000000C          0x08000218   Section        0  __rtentry2.o(.ARM.Collect$$rtentry$$0000000C)
    .ARM.Collect$$rtentry$$0000000D          0x08000218   Section        8  __rtentry2.o(.ARM.Collect$$rtentry$$0000000D)
    .ARM.Collect$$rtexit$$00000000           0x08000220   Section        2  rtexit.o(.ARM.Collect$$rtexit$$00000000)
    .ARM.Collect$$rtexit$$00000002           0x08000222   Section        0  rtexit2.o(.ARM.Collect$$rtexit$$00000002)
    .ARM.Collect$$rtexit$$00000003           0x08000222   Section        4  rtexit2.o(.ARM.Collect$$rtexit$$00000003)
    .ARM.Collect$$rtexit$$00000004           0x08000226   Section        6  rtexit2.o(.ARM.Collect$$rtexit$$00000004)
    .text                                    0x0800022c   Section       60  startup_stm32f10x_hd.o(.text)
    .text                                    0x08000268   Section        2  use_no_semi_2.o(.text)
    .text                                    0x0800026c   Section        0  noretval__2printf.o(.text)
    .text                                    0x08000284   Section        0  _printf_pad.o(.text)
    .text                                    0x080002d2   Section        0  _printf_str.o(.text)
    .text                                    0x08000324   Section        0  _printf_dec.o(.text)
    .text                                    0x0800039c   Section        0  _printf_hex_int.o(.text)
    .text                                    0x080003f4   Section        0  __printf_flags_ss_wp.o(.text)
    .text                                    0x0800057c   Section        0  heapauxi.o(.text)
    .text                                    0x08000582   Section        2  use_no_semi.o(.text)
    .text                                    0x08000584   Section        0  _printf_intcommon.o(.text)
    .text                                    0x08000636   Section        0  _printf_char.o(.text)
    .text                                    0x08000664   Section        0  _printf_char_file.o(.text)
    .text                                    0x08000688   Section        0  _printf_char_common.o(.text)
    _printf_input_char                       0x08000689   Thumb Code    10  _printf_char_common.o(.text)
    .text                                    0x080006b8   Section        0  ferror.o(.text)
    .text                                    0x080006c0   Section       74  sys_stackheap_outer.o(.text)
    .text                                    0x0800070a   Section        0  exit.o(.text)
    .text                                    0x0800071c   Section        8  libspace.o(.text)
    i.BusFault_Handler                       0x08000724   Section        0  stm32f10x_it.o(i.BusFault_Handler)
    i.DebugMon_Handler                       0x08000726   Section        0  stm32f10x_it.o(i.DebugMon_Handler)
    i.EXTI0_IRQHandler                       0x08000728   Section        0  exti.o(i.EXTI0_IRQHandler)
    i.EXTI3_IRQHandler                       0x08000760   Section        0  exti.o(i.EXTI3_IRQHandler)
    i.EXTI4_IRQHandler                       0x08000772   Section        0  exti.o(i.EXTI4_IRQHandler)
    i.EXTI8_Init                             0x08000784   Section        0  exti.o(i.EXTI8_Init)
    i.EXTI9_5_IRQHandler                     0x080007c8   Section        0  exti.o(i.EXTI9_5_IRQHandler)
    i.EXTI_ClearITPendingBit                 0x0800080c   Section        0  stm32f10x_exti.o(i.EXTI_ClearITPendingBit)
    i.EXTI_GetITStatus                       0x08000818   Section        0  stm32f10x_exti.o(i.EXTI_GetITStatus)
    i.EXTI_Init                              0x08000838   Section        0  stm32f10x_exti.o(i.EXTI_Init)
    i.FSMC_NORSRAMCmd                        0x080008a8   Section        0  stm32f10x_fsmc.o(i.FSMC_NORSRAMCmd)
    i.FSMC_NORSRAMInit                       0x080008c8   Section        0  stm32f10x_fsmc.o(i.FSMC_NORSRAMInit)
    i.GPIO_EXTILineConfig                    0x08000990   Section        0  stm32f10x_gpio.o(i.GPIO_EXTILineConfig)
    i.GPIO_Init                              0x080009b8   Section        0  stm32f10x_gpio.o(i.GPIO_Init)
    i.GPIO_PinRemapConfig                    0x08000a54   Section        0  stm32f10x_gpio.o(i.GPIO_PinRemapConfig)
    i.GPIO_ReadInputDataBit                  0x08000aac   Section        0  stm32f10x_gpio.o(i.GPIO_ReadInputDataBit)
    i.GPIO_SetBits                           0x08000aba   Section        0  stm32f10x_gpio.o(i.GPIO_SetBits)
    i.HardFault_Handler                      0x08000abe   Section        0  stm32f10x_it.o(i.HardFault_Handler)
    i.KEY_Init                               0x08000ac0   Section        0  key.o(i.KEY_Init)
    i.KEY_Scan                               0x08000ae4   Section        0  key.o(i.KEY_Scan)
    i.LCD_Clear                              0x08000b5c   Section        0  lcd.o(i.LCD_Clear)
    i.LCD_Display_Dir                        0x08000b8c   Section        0  lcd.o(i.LCD_Display_Dir)
    i.LCD_Fast_DrawPoint                     0x08000c44   Section        0  lcd.o(i.LCD_Fast_DrawPoint)
    i.LCD_Fill                               0x08000cf0   Section        0  lcd.o(i.LCD_Fill)
    i.LCD_Init                               0x08000d38   Section        0  lcd.o(i.LCD_Init)
    i.LCD_RD_DATA                            0x08002b74   Section        0  lcd.o(i.LCD_RD_DATA)
    i.LCD_SSD_BackLightSet                   0x08002b88   Section        0  lcd.o(i.LCD_SSD_BackLightSet)
    i.LCD_Scan_Dir                           0x08002bc4   Section        0  lcd.o(i.LCD_Scan_Dir)
    i.LCD_SetCursor                          0x08002d08   Section        0  lcd.o(i.LCD_SetCursor)
    i.LCD_Set_Window                         0x08002dbc   Section        0  lcd.o(i.LCD_Set_Window)
    i.LCD_ShowChar                           0x08002eec   Section        0  lcd.o(i.LCD_ShowChar)
    i.LCD_ShowString                         0x08002fb8   Section        0  lcd.o(i.LCD_ShowString)
    i.LCD_WriteRAM_Prepare                   0x0800300c   Section        0  lcd.o(i.LCD_WriteRAM_Prepare)
    i.LCD_WriteReg                           0x08003020   Section        0  lcd.o(i.LCD_WriteReg)
    i.MemManage_Handler                      0x08003030   Section        0  stm32f10x_it.o(i.MemManage_Handler)
    i.NMI_Handler                            0x08003032   Section        0  stm32f10x_it.o(i.NMI_Handler)
    i.NVIC_Init                              0x08003034   Section        0  misc.o(i.NVIC_Init)
    i.OV7725_Init                            0x08003098   Section        0  ov7725.o(i.OV7725_Init)
    i.OV7725_Light_Mode                      0x080031f4   Section        0  ov7725.o(i.OV7725_Light_Mode)
    i.OV7725_Window_Set                      0x0800328c   Section        0  ov7725.o(i.OV7725_Window_Set)
    i.OV7725_camera_refresh                  0x080033d4   Section        0  main.o(i.OV7725_camera_refresh)
    i.PendSV_Handler                         0x080034c4   Section        0  stm32f10x_it.o(i.PendSV_Handler)
    i.RCC_AHBPeriphClockCmd                  0x080034c8   Section        0  stm32f10x_rcc.o(i.RCC_AHBPeriphClockCmd)
    i.RCC_APB1PeriphClockCmd                 0x080034e0   Section        0  stm32f10x_rcc.o(i.RCC_APB1PeriphClockCmd)
    i.RCC_APB2PeriphClockCmd                 0x080034f8   Section        0  stm32f10x_rcc.o(i.RCC_APB2PeriphClockCmd)
    i.RCC_GetClocksFreq                      0x08003510   Section        0  stm32f10x_rcc.o(i.RCC_GetClocksFreq)
    i.SCCB_Init                              0x080035a4   Section        0  sccb.o(i.SCCB_Init)
    i.SCCB_No_Ack                            0x08003610   Section        0  sccb.o(i.SCCB_No_Ack)
    i.SCCB_RD_Byte                           0x08003654   Section        0  sccb.o(i.SCCB_RD_Byte)
    i.SCCB_RD_Reg                            0x080036c8   Section        0  sccb.o(i.SCCB_RD_Reg)
    i.SCCB_Start                             0x08003714   Section        0  sccb.o(i.SCCB_Start)
    i.SCCB_Stop                              0x08003748   Section        0  sccb.o(i.SCCB_Stop)
    i.SCCB_WR_Byte                           0x08003780   Section        0  sccb.o(i.SCCB_WR_Byte)
    i.SCCB_WR_Reg                            0x08003810   Section        0  sccb.o(i.SCCB_WR_Reg)
    i.SVC_Handler                            0x0800384e   Section        0  stm32f10x_it.o(i.SVC_Handler)
    i.SetSysClockTo72                        0x08003850   Section        0  system_stm32f10x.o(i.SetSysClockTo72)
    SetSysClockTo72                          0x08003851   Thumb Code   160  system_stm32f10x.o(i.SetSysClockTo72)
    i.SysTick_CLKSourceConfig                0x080038f8   Section        0  misc.o(i.SysTick_CLKSourceConfig)
    i.SysTick_Handler                        0x08003910   Section        0  stm32f10x_it.o(i.SysTick_Handler)
    i.SystemInit                             0x08003914   Section        0  system_stm32f10x.o(i.SystemInit)
    i.TIM3_IRQHandler                        0x08003964   Section        0  timer.o(i.TIM3_IRQHandler)
    i.TIM4_IRQHandler                        0x08003988   Section        0  usmart.o(i.TIM4_IRQHandler)
    i.TIM5_IRQHandler                        0x080039c4   Section        0  timer.o(i.TIM5_IRQHandler)
    i.TIM6_IRQHandler                        0x08003a4c   Section        0  timer.o(i.TIM6_IRQHandler)
    i.TIM_ClearFlag                          0x08003a8c   Section        0  stm32f10x_tim.o(i.TIM_ClearFlag)
    i.TIM_ClearITPendingBit                  0x08003a92   Section        0  stm32f10x_tim.o(i.TIM_ClearITPendingBit)
    i.TIM_Cmd                                0x08003a98   Section        0  stm32f10x_tim.o(i.TIM_Cmd)
    i.TIM_GetCapture1                        0x08003aac   Section        0  stm32f10x_tim.o(i.TIM_GetCapture1)
    i.TIM_GetCounter                         0x08003ab0   Section        0  stm32f10x_tim.o(i.TIM_GetCounter)
    i.TIM_GetFlagStatus                      0x08003ab4   Section        0  stm32f10x_tim.o(i.TIM_GetFlagStatus)
    i.TIM_GetITStatus                        0x08003ac2   Section        0  stm32f10x_tim.o(i.TIM_GetITStatus)
    i.TIM_ITConfig                           0x08003ada   Section        0  stm32f10x_tim.o(i.TIM_ITConfig)
    i.TIM_OC1PolarityConfig                  0x08003aea   Section        0  stm32f10x_tim.o(i.TIM_OC1PolarityConfig)
    i.TIM_SetAutoreload                      0x08003af6   Section        0  stm32f10x_tim.o(i.TIM_SetAutoreload)
    i.TIM_SetCounter                         0x08003afa   Section        0  stm32f10x_tim.o(i.TIM_SetCounter)
    i.TIM_TimeBaseInit                       0x08003b00   Section        0  stm32f10x_tim.o(i.TIM_TimeBaseInit)
    i.Timer4_Init                            0x08003b9c   Section        0  usmart.o(i.Timer4_Init)
    i.USART1_IRQHandler                      0x08003bfc   Section        0  usart.o(i.USART1_IRQHandler)
    i.USART_Cmd                              0x08003c60   Section        0  stm32f10x_usart.o(i.USART_Cmd)
    i.USART_GetITStatus                      0x08003c74   Section        0  stm32f10x_usart.o(i.USART_GetITStatus)
    i.USART_ITConfig                         0x08003cb2   Section        0  stm32f10x_usart.o(i.USART_ITConfig)
    i.USART_Init                             0x08003ce4   Section        0  stm32f10x_usart.o(i.USART_Init)
    i.USART_ReceiveData                      0x08003d90   Section        0  stm32f10x_usart.o(i.USART_ReceiveData)
    i.UsageFault_Handler                     0x08003d98   Section        0  stm32f10x_it.o(i.UsageFault_Handler)
    i._is_digit                              0x08003d9a   Section        0  __printf_wp.o(i._is_digit)
    i._sys_exit                              0x08003da8   Section        0  usart.o(i._sys_exit)
    i.delay_init                             0x08003dac   Section        0  delay.o(i.delay_init)
    i.delay_ms                               0x08003de8   Section        0  delay.o(i.delay_ms)
    i.delay_us                               0x08003e1c   Section        0  delay.o(i.delay_us)
    i.fputc                                  0x08003e50   Section        0  usart.o(i.fputc)
    i.main                                   0x08003e68   Section        0  main.o(i.main)
    i.read_addr                              0x0800403c   Section        0  usmart.o(i.read_addr)
    i.uart_init                              0x08004040   Section        0  usart.o(i.uart_init)
    i.usmart_cmd_rec                         0x080040e0   Section        0  usmart.o(i.usmart_cmd_rec)
    i.usmart_exe                             0x08004174   Section        0  usmart.o(i.usmart_exe)
    i.usmart_get_aparm                       0x080043d4   Section        0  usmart_str.o(i.usmart_get_aparm)
    i.usmart_get_cmdname                     0x08004470   Section        0  usmart_str.o(i.usmart_get_cmdname)
    i.usmart_get_fname                       0x080044a0   Section        0  usmart_str.o(i.usmart_get_fname)
    i.usmart_get_fparam                      0x08004608   Section        0  usmart_str.o(i.usmart_get_fparam)
    i.usmart_get_parmpos                     0x080046d8   Section        0  usmart_str.o(i.usmart_get_parmpos)
    i.usmart_get_runtime                     0x080046fc   Section        0  usmart.o(i.usmart_get_runtime)
    i.usmart_init                            0x08004734   Section        0  usmart.o(i.usmart_init)
    i.usmart_pow                             0x0800475c   Section        0  usmart_str.o(i.usmart_pow)
    i.usmart_reset_runtime                   0x0800476c   Section        0  usmart.o(i.usmart_reset_runtime)
    i.usmart_scan                            0x0800479c   Section        0  usmart.o(i.usmart_scan)
    i.usmart_search_nextc                    0x08004840   Section        0  usmart_str.o(i.usmart_search_nextc)
    i.usmart_str2num                         0x08004850   Section        0  usmart_str.o(i.usmart_str2num)
    i.usmart_strcmp                          0x080048f0   Section        0  usmart_str.o(i.usmart_strcmp)
    i.usmart_strcopy                         0x08004908   Section        0  usmart_str.o(i.usmart_strcopy)
    i.usmart_strlen                          0x0800491a   Section        0  usmart_str.o(i.usmart_strlen)
    i.usmart_sys_cmd_exe                     0x0800492c   Section        0  usmart.o(i.usmart_sys_cmd_exe)
    i.write_addr                             0x08004f9c   Section        0  usmart.o(i.write_addr)
    x$fpl$dfixu                              0x08004fa0   Section       90  dfixu.o(x$fpl$dfixu)
    x$fpl$dfltu                              0x08004ffa   Section       38  dflt_clz.o(x$fpl$dfltu)
    x$fpl$dmul                               0x08005020   Section      340  dmul.o(x$fpl$dmul)
    x$fpl$dnaninf                            0x08005174   Section      156  dnaninf.o(x$fpl$dnaninf)
    x$fpl$dretinf                            0x08005210   Section       12  dretinf.o(x$fpl$dretinf)
    .constdata                               0x0800521c   Section     6080  lcd.o(.constdata)
    x$fpl$usenofp                            0x0800521c   Section        0  usenofp.o(x$fpl$usenofp)
    .constdata                               0x080069dc   Section      130  ov7725.o(.constdata)
    .constdata                               0x08006a5e   Section       40  _printf_hex_int.o(.constdata)
    uc_hextab                                0x08006a5e   Data          20  _printf_hex_int.o(.constdata)
    lc_hextab                                0x08006a72   Data          20  _printf_hex_int.o(.constdata)
    .constdata                               0x08006a86   Section       17  __printf_flags_ss_wp.o(.constdata)
    maptable                                 0x08006a86   Data          17  __printf_flags_ss_wp.o(.constdata)
    .conststring                             0x08006a98   Section       46  main.o(.conststring)
    .conststring                             0x08006ac8   Section       40  usmart.o(.conststring)
    .conststring                             0x08006af0   Section      107  usmart_config.o(.conststring)
    .data                                    0x20000000   Section       24  main.o(.data)
    .data                                    0x20000018   Section       20  system_stm32f10x.o(.data)
    .data                                    0x2000002c   Section        1  key.o(.data)
    key_up                                   0x2000002c   Data           1  key.o(.data)
    .data                                    0x2000002e   Section        4  lcd.o(.data)
    .data                                    0x20000032   Section        1  exti.o(.data)
    .data                                    0x20000034   Section        4  timer.o(.data)
    .data                                    0x20000038   Section        4  delay.o(.data)
    fac_us                                   0x20000038   Data           1  delay.o(.data)
    fac_ms                                   0x2000003a   Data           2  delay.o(.data)
    .data                                    0x2000003c   Section        2  usart.o(.data)
    .data                                    0x20000040   Section        4  usart.o(.data)
    .data                                    0x20000044   Section       20  stm32f10x_rcc.o(.data)
    ADCPrescTable                            0x20000044   Data           4  stm32f10x_rcc.o(.data)
    APBAHBPrescTable                         0x20000048   Data          16  stm32f10x_rcc.o(.data)
    .data                                    0x20000058   Section       28  usmart.o(.data)
    .data                                    0x20000074   Section       32  usmart_config.o(.data)
    .data                                    0x20000094   Section      244  usmart_config.o(.data)
    .bss                                     0x20000188   Section       14  lcd.o(.bss)
    .bss                                     0x20000196   Section      200  usart.o(.bss)
    .bss                                     0x20000260   Section       96  libspace.o(.bss)
    HEAP                                     0x200002c0   Section        0  startup_stm32f10x_hd.o(HEAP)
    STACK                                    0x200002c0   Section     1024  startup_stm32f10x_hd.o(STACK)
    Heap_Mem                                 0x200002c0   Data           0  startup_stm32f10x_hd.o(HEAP)
    Stack_Mem                                0x200002c0   Data        1024  startup_stm32f10x_hd.o(STACK)
    __initial_sp                             0x200006c0   Data           0  startup_stm32f10x_hd.o(STACK)

    Global Symbols

    Symbol Name                              Value     Ov Type        Size  Object(Section)

    BuildAttributes$$THM_ISAv4$P$D$K$B$S$PE$A:L22UL41UL21$X:L11$S22US41US21$IEEE1$IW$USESV6$~STKCKD$USESV7$~SHL$OSPACE$ROPI$EBA8$UX$STANDARDLIB$REQ8$PRES8$EABIv2 0x00000000   Number         0  anon$$obj.o ABSOLUTE
    __ARM_use_no_argv                        0x00000000   Number         0  main.o ABSOLUTE
    _printf_flags                            0x00000000   Number         0  printf_stubs.o ABSOLUTE
    _printf_return_value                     0x00000000   Number         0  printf_stubs.o ABSOLUTE
    _printf_sizespec                         0x00000000   Number         0  printf_stubs.o ABSOLUTE
    _printf_widthprec                        0x00000000   Number         0  printf_stubs.o ABSOLUTE
    __ARM_exceptions_init                     - Undefined Weak Reference
    __alloca_initialize                       - Undefined Weak Reference
    __arm_fini_                               - Undefined Weak Reference
    __arm_preinit_                            - Undefined Weak Reference
    __cpp_initialize__aeabi_                  - Undefined Weak Reference
    __cxa_finalize                            - Undefined Weak Reference
    __rt_locale                               - Undefined Weak Reference
    __sigvec_lookup                           - Undefined Weak Reference
    _atexit_init                              - Undefined Weak Reference
    _call_atexit_fns                          - Undefined Weak Reference
    _clock_init                               - Undefined Weak Reference
    _fp_trap_init                             - Undefined Weak Reference
    _fp_trap_shutdown                         - Undefined Weak Reference
    _get_lc_collate                           - Undefined Weak Reference
    _get_lc_ctype                             - Undefined Weak Reference
    _get_lc_monetary                          - Undefined Weak Reference
    _get_lc_numeric                           - Undefined Weak Reference
    _get_lc_time                              - Undefined Weak Reference
    _getenv_init                              - Undefined Weak Reference
    _handle_redirection                       - Undefined Weak Reference
    _init_alloc                               - Undefined Weak Reference
    _init_user_alloc                          - Undefined Weak Reference
    _initio                                   - Undefined Weak Reference
    _mutex_acquire                            - Undefined Weak Reference
    _mutex_release                            - Undefined Weak Reference
    _printf_mbtowc                            - Undefined Weak Reference
    _printf_truncate_signed                   - Undefined Weak Reference
    _printf_truncate_unsigned                 - Undefined Weak Reference
    _rand_init                                - Undefined Weak Reference
    _signal_finish                            - Undefined Weak Reference
    _signal_init                              - Undefined Weak Reference
    _terminate_alloc                          - Undefined Weak Reference
    _terminate_user_alloc                     - Undefined Weak Reference
    _terminateio                              - Undefined Weak Reference
    __Vectors_Size                           0x00000130   Number         0  startup_stm32f10x_hd.o ABSOLUTE
    __Vectors                                0x08000000   Data           4  startup_stm32f10x_hd.o(RESET)
    __Vectors_End                            0x08000130   Data           0  startup_stm32f10x_hd.o(RESET)
    __main                                   0x08000131   Thumb Code     8  __main.o(!!!main)
    __scatterload                            0x08000139   Thumb Code     0  __scatter.o(!!!scatter)
    __scatterload_rt2                        0x08000139   Thumb Code    44  __scatter.o(!!!scatter)
    __scatterload_rt2_thumb_only             0x08000139   Thumb Code     0  __scatter.o(!!!scatter)
    __scatterload_null                       0x08000147   Thumb Code     0  __scatter.o(!!!scatter)
    __decompress                             0x0800016d   Thumb Code    90  __dczerorl2.o(!!dczerorl2)
    __decompress1                            0x0800016d   Thumb Code     0  __dczerorl2.o(!!dczerorl2)
    __scatterload_zeroinit                   0x080001c9   Thumb Code    28  __scatter_zi.o(!!handler_zi)
    _printf_d                                0x080001e5   Thumb Code     0  _printf_d.o(.ARM.Collect$$_printf_percent$$00000009)
    _printf_percent                          0x080001e5   Thumb Code     0  _printf_percent.o(.ARM.Collect$$_printf_percent$$00000000)
    _printf_u                                0x080001eb   Thumb Code     0  _printf_u.o(.ARM.Collect$$_printf_percent$$0000000A)
    _printf_x                                0x080001f1   Thumb Code     0  _printf_x.o(.ARM.Collect$$_printf_percent$$0000000C)
    _printf_c                                0x080001f7   Thumb Code     0  _printf_c.o(.ARM.Collect$$_printf_percent$$00000013)
    _printf_s                                0x080001fd   Thumb Code     0  _printf_s.o(.ARM.Collect$$_printf_percent$$00000014)
    _printf_percent_end                      0x08000203   Thumb Code     0  _printf_percent_end.o(.ARM.Collect$$_printf_percent$$00000017)
    __rt_lib_init                            0x08000207   Thumb Code     0  libinit.o(.ARM.Collect$$libinit$$00000000)
    __rt_lib_init_alloca_1                   0x08000209   Thumb Code     0  libinit2.o(.ARM.Collect$$libinit$$0000002E)
    __rt_lib_init_argv_1                     0x08000209   Thumb Code     0  libinit2.o(.ARM.Collect$$libinit$$0000002C)
    __rt_lib_init_atexit_1                   0x08000209   Thumb Code     0  libinit2.o(.ARM.Collect$$libinit$$0000001B)
    __rt_lib_init_clock_1                    0x08000209   Thumb Code     0  libinit2.o(.ARM.Collect$$libinit$$00000021)
    __rt_lib_init_cpp_1                      0x08000209   Thumb Code     0  libinit2.o(.ARM.Collect$$libinit$$00000032)
    __rt_lib_init_exceptions_1               0x08000209   Thumb Code     0  libinit2.o(.ARM.Collect$$libinit$$00000030)
    __rt_lib_init_fp_1                       0x08000209   Thumb Code     0  libinit2.o(.ARM.Collect$$libinit$$00000002)
    __rt_lib_init_fp_trap_1                  0x08000209   Thumb Code     0  libinit2.o(.ARM.Collect$$libinit$$0000001F)
    __rt_lib_init_getenv_1                   0x08000209   Thumb Code     0  libinit2.o(.ARM.Collect$$libinit$$00000023)
    __rt_lib_init_heap_1                     0x08000209   Thumb Code     0  libinit2.o(.ARM.Collect$$libinit$$0000000A)
    __rt_lib_init_lc_collate_1               0x08000209   Thumb Code     0  libinit2.o(.ARM.Collect$$libinit$$00000011)
    __rt_lib_init_lc_ctype_1                 0x08000209   Thumb Code     0  libinit2.o(.ARM.Collect$$libinit$$00000013)
    __rt_lib_init_lc_monetary_1              0x08000209   Thumb Code     0  libinit2.o(.ARM.Collect$$libinit$$00000015)
    __rt_lib_init_lc_numeric_1               0x08000209   Thumb Code     0  libinit2.o(.ARM.Collect$$libinit$$00000017)
    __rt_lib_init_lc_time_1                  0x08000209   Thumb Code     0  libinit2.o(.ARM.Collect$$libinit$$00000019)
    __rt_lib_init_preinit_1                  0x08000209   Thumb Code     0  libinit2.o(.ARM.Collect$$libinit$$00000004)
    __rt_lib_init_rand_1                     0x08000209   Thumb Code     0  libinit2.o(.ARM.Collect$$libinit$$0000000E)
    __rt_lib_init_return                     0x08000209   Thumb Code     0  libinit2.o(.ARM.Collect$$libinit$$00000033)
    __rt_lib_init_signal_1                   0x08000209   Thumb Code     0  libinit2.o(.ARM.Collect$$libinit$$0000001D)
    __rt_lib_init_stdio_1                    0x08000209   Thumb Code     0  libinit2.o(.ARM.Collect$$libinit$$00000025)
    __rt_lib_init_user_alloc_1               0x08000209   Thumb Code     0  libinit2.o(.ARM.Collect$$libinit$$0000000C)
    __rt_lib_shutdown                        0x0800020b   Thumb Code     0  libshutdown.o(.ARM.Collect$$libshutdown$$00000000)
    __rt_lib_shutdown_cpp_1                  0x0800020d   Thumb Code     0  libshutdown2.o(.ARM.Collect$$libshutdown$$00000004)
    __rt_lib_shutdown_fini_1                 0x0800020d   Thumb Code     0  libshutdown2.o(.ARM.Collect$$libshutdown$$00000002)
    __rt_lib_shutdown_fp_trap_1              0x0800020d   Thumb Code     0  libshutdown2.o(.ARM.Collect$$libshutdown$$00000009)
    __rt_lib_shutdown_heap_1                 0x0800020d   Thumb Code     0  libshutdown2.o(.ARM.Collect$$libshutdown$$00000011)
    __rt_lib_shutdown_return                 0x0800020d   Thumb Code     0  libshutdown2.o(.ARM.Collect$$libshutdown$$00000012)
    __rt_lib_shutdown_signal_1               0x0800020d   Thumb Code     0  libshutdown2.o(.ARM.Collect$$libshutdown$$0000000C)
    __rt_lib_shutdown_stdio_1                0x0800020d   Thumb Code     0  libshutdown2.o(.ARM.Collect$$libshutdown$$00000006)
    __rt_lib_shutdown_user_alloc_1           0x0800020d   Thumb Code     0  libshutdown2.o(.ARM.Collect$$libshutdown$$0000000E)
    __rt_entry                               0x0800020f   Thumb Code     0  __rtentry.o(.ARM.Collect$$rtentry$$00000000)
    __rt_entry_presh_1                       0x0800020f   Thumb Code     0  __rtentry2.o(.ARM.Collect$$rtentry$$00000002)
    __rt_entry_sh                            0x0800020f   Thumb Code     0  __rtentry4.o(.ARM.Collect$$rtentry$$00000004)
    __rt_entry_li                            0x08000215   Thumb Code     0  __rtentry2.o(.ARM.Collect$$rtentry$$0000000A)
    __rt_entry_postsh_1                      0x08000215   Thumb Code     0  __rtentry2.o(.ARM.Collect$$rtentry$$00000009)
    __rt_entry_main                          0x08000219   Thumb Code     0  __rtentry2.o(.ARM.Collect$$rtentry$$0000000D)
    __rt_entry_postli_1                      0x08000219   Thumb Code     0  __rtentry2.o(.ARM.Collect$$rtentry$$0000000C)
    __rt_exit                                0x08000221   Thumb Code     0  rtexit.o(.ARM.Collect$$rtexit$$00000000)
    __rt_exit_ls                             0x08000223   Thumb Code     0  rtexit2.o(.ARM.Collect$$rtexit$$00000003)
    __rt_exit_prels_1                        0x08000223   Thumb Code     0  rtexit2.o(.ARM.Collect$$rtexit$$00000002)
    __rt_exit_exit                           0x08000227   Thumb Code     0  rtexit2.o(.ARM.Collect$$rtexit$$00000004)
    Reset_Handler                            0x0800022d   Thumb Code     8  startup_stm32f10x_hd.o(.text)
    ADC1_2_IRQHandler                        0x08000247   Thumb Code     0  startup_stm32f10x_hd.o(.text)
    ADC3_IRQHandler                          0x08000247   Thumb Code     0  startup_stm32f10x_hd.o(.text)
    CAN1_RX1_IRQHandler                      0x08000247   Thumb Code     0  startup_stm32f10x_hd.o(.text)
    CAN1_SCE_IRQHandler                      0x08000247   Thumb Code     0  startup_stm32f10x_hd.o(.text)
    DMA1_Channel1_IRQHandler                 0x08000247   Thumb Code     0  startup_stm32f10x_hd.o(.text)
    DMA1_Channel2_IRQHandler                 0x08000247   Thumb Code     0  startup_stm32f10x_hd.o(.text)
    DMA1_Channel3_IRQHandler                 0x08000247   Thumb Code     0  startup_stm32f10x_hd.o(.text)
    DMA1_Channel4_IRQHandler                 0x08000247   Thumb Code     0  startup_stm32f10x_hd.o(.text)
    DMA1_Channel5_IRQHandler                 0x08000247   Thumb Code     0  startup_stm32f10x_hd.o(.text)
    DMA1_Channel6_IRQHandler                 0x08000247   Thumb Code     0  startup_stm32f10x_hd.o(.text)
    DMA1_Channel7_IRQHandler                 0x08000247   Thumb Code     0  startup_stm32f10x_hd.o(.text)
    DMA2_Channel1_IRQHandler                 0x08000247   Thumb Code     0  startup_stm32f10x_hd.o(.text)
    DMA2_Channel2_IRQHandler                 0x08000247   Thumb Code     0  startup_stm32f10x_hd.o(.text)
    DMA2_Channel3_IRQHandler                 0x08000247   Thumb Code     0  startup_stm32f10x_hd.o(.text)
    DMA2_Channel4_5_IRQHandler               0x08000247   Thumb Code     0  startup_stm32f10x_hd.o(.text)
    EXTI15_10_IRQHandler                     0x08000247   Thumb Code     0  startup_stm32f10x_hd.o(.text)
    EXTI1_IRQHandler                         0x08000247   Thumb Code     0  startup_stm32f10x_hd.o(.text)
    EXTI2_IRQHandler                         0x08000247   Thumb Code     0  startup_stm32f10x_hd.o(.text)
    FLASH_IRQHandler                         0x08000247   Thumb Code     0  startup_stm32f10x_hd.o(.text)
    FSMC_IRQHandler                          0x08000247   Thumb Code     0  startup_stm32f10x_hd.o(.text)
    I2C1_ER_IRQHandler                       0x08000247   Thumb Code     0  startup_stm32f10x_hd.o(.text)
    I2C1_EV_IRQHandler                       0x08000247   Thumb Code     0  startup_stm32f10x_hd.o(.text)
    I2C2_ER_IRQHandler                       0x08000247   Thumb Code     0  startup_stm32f10x_hd.o(.text)
    I2C2_EV_IRQHandler                       0x08000247   Thumb Code     0  startup_stm32f10x_hd.o(.text)
    PVD_IRQHandler                           0x08000247   Thumb Code     0  startup_stm32f10x_hd.o(.text)
    RCC_IRQHandler                           0x08000247   Thumb Code     0  startup_stm32f10x_hd.o(.text)
    RTCAlarm_IRQHandler                      0x08000247   Thumb Code     0  startup_stm32f10x_hd.o(.text)
    RTC_IRQHandler                           0x08000247   Thumb Code     0  startup_stm32f10x_hd.o(.text)
    SDIO_IRQHandler                          0x08000247   Thumb Code     0  startup_stm32f10x_hd.o(.text)
    SPI1_IRQHandler                          0x08000247   Thumb Code     0  startup_stm32f10x_hd.o(.text)
    SPI2_IRQHandler                          0x08000247   Thumb Code     0  startup_stm32f10x_hd.o(.text)
    SPI3_IRQHandler                          0x08000247   Thumb Code     0  startup_stm32f10x_hd.o(.text)
    TAMPER_IRQHandler                        0x08000247   Thumb Code     0  startup_stm32f10x_hd.o(.text)
    TIM1_BRK_IRQHandler                      0x08000247   Thumb Code     0  startup_stm32f10x_hd.o(.text)
    TIM1_CC_IRQHandler                       0x08000247   Thumb Code     0  startup_stm32f10x_hd.o(.text)
    TIM1_TRG_COM_IRQHandler                  0x08000247   Thumb Code     0  startup_stm32f10x_hd.o(.text)
    TIM1_UP_IRQHandler                       0x08000247   Thumb Code     0  startup_stm32f10x_hd.o(.text)
    TIM2_IRQHandler                          0x08000247   Thumb Code     0  startup_stm32f10x_hd.o(.text)
    TIM7_IRQHandler                          0x08000247   Thumb Code     0  startup_stm32f10x_hd.o(.text)
    TIM8_BRK_IRQHandler                      0x08000247   Thumb Code     0  startup_stm32f10x_hd.o(.text)
    TIM8_CC_IRQHandler                       0x08000247   Thumb Code     0  startup_stm32f10x_hd.o(.text)
    TIM8_TRG_COM_IRQHandler                  0x08000247   Thumb Code     0  startup_stm32f10x_hd.o(.text)
    TIM8_UP_IRQHandler                       0x08000247   Thumb Code     0  startup_stm32f10x_hd.o(.text)
    UART4_IRQHandler                         0x08000247   Thumb Code     0  startup_stm32f10x_hd.o(.text)
    UART5_IRQHandler                         0x08000247   Thumb Code     0  startup_stm32f10x_hd.o(.text)
    USART2_IRQHandler                        0x08000247   Thumb Code     0  startup_stm32f10x_hd.o(.text)
    USART3_IRQHandler                        0x08000247   Thumb Code     0  startup_stm32f10x_hd.o(.text)
    USBWakeUp_IRQHandler                     0x08000247   Thumb Code     0  startup_stm32f10x_hd.o(.text)
    USB_HP_CAN1_TX_IRQHandler                0x08000247   Thumb Code     0  startup_stm32f10x_hd.o(.text)
    USB_LP_CAN1_RX0_IRQHandler               0x08000247   Thumb Code     0  startup_stm32f10x_hd.o(.text)
    WWDG_IRQHandler                          0x08000247   Thumb Code     0  startup_stm32f10x_hd.o(.text)
    __user_initial_stackheap                 0x08000249   Thumb Code     0  startup_stm32f10x_hd.o(.text)
    __use_no_semihosting                     0x08000269   Thumb Code     2  use_no_semi_2.o(.text)
    __2printf                                0x0800026d   Thumb Code    20  noretval__2printf.o(.text)
    _printf_pre_padding                      0x08000285   Thumb Code    44  _printf_pad.o(.text)
    _printf_post_padding                     0x080002b1   Thumb Code    34  _printf_pad.o(.text)
    _printf_str                              0x080002d3   Thumb Code    82  _printf_str.o(.text)
    _printf_int_dec                          0x08000325   Thumb Code   104  _printf_dec.o(.text)
    _printf_int_hex                          0x0800039d   Thumb Code    84  _printf_hex_int.o(.text)
    _printf_longlong_hex                     0x0800039d   Thumb Code     0  _printf_hex_int.o(.text)
    __printf                                 0x080003f5   Thumb Code   388  __printf_flags_ss_wp.o(.text)
    __use_two_region_memory                  0x0800057d   Thumb Code     2  heapauxi.o(.text)
    __rt_heap_escrow$2region                 0x0800057f   Thumb Code     2  heapauxi.o(.text)
    __rt_heap_expand$2region                 0x08000581   Thumb Code     2  heapauxi.o(.text)
    __I$use$semihosting                      0x08000583   Thumb Code     0  use_no_semi.o(.text)
    __use_no_semihosting_swi                 0x08000583   Thumb Code     2  use_no_semi.o(.text)
    _printf_int_common                       0x08000585   Thumb Code   178  _printf_intcommon.o(.text)
    _printf_cs_common                        0x08000637   Thumb Code    20  _printf_char.o(.text)
    _printf_char                             0x0800064b   Thumb Code    16  _printf_char.o(.text)
    _printf_string                           0x0800065b   Thumb Code     8  _printf_char.o(.text)
    _printf_char_file                        0x08000665   Thumb Code    32  _printf_char_file.o(.text)
    _printf_char_common                      0x08000693   Thumb Code    32  _printf_char_common.o(.text)
    ferror                                   0x080006b9   Thumb Code     8  ferror.o(.text)
    __user_setup_stackheap                   0x080006c1   Thumb Code    74  sys_stackheap_outer.o(.text)
    exit                                     0x0800070b   Thumb Code    18  exit.o(.text)
    __user_libspace                          0x0800071d   Thumb Code     8  libspace.o(.text)
    __user_perproc_libspace                  0x0800071d   Thumb Code     0  libspace.o(.text)
    __user_perthread_libspace                0x0800071d   Thumb Code     0  libspace.o(.text)
    BusFault_Handler                         0x08000725   Thumb Code     2  stm32f10x_it.o(i.BusFault_Handler)
    DebugMon_Handler                         0x08000727   Thumb Code     2  stm32f10x_it.o(i.DebugMon_Handler)
    EXTI0_IRQHandler                         0x08000729   Thumb Code    48  exti.o(i.EXTI0_IRQHandler)
    EXTI3_IRQHandler                         0x08000761   Thumb Code    18  exti.o(i.EXTI3_IRQHandler)
    EXTI4_IRQHandler                         0x08000773   Thumb Code    18  exti.o(i.EXTI4_IRQHandler)
    EXTI8_Init                               0x08000785   Thumb Code    66  exti.o(i.EXTI8_Init)
    EXTI9_5_IRQHandler                       0x080007c9   Thumb Code    54  exti.o(i.EXTI9_5_IRQHandler)
    EXTI_ClearITPendingBit                   0x0800080d   Thumb Code     6  stm32f10x_exti.o(i.EXTI_ClearITPendingBit)
    EXTI_GetITStatus                         0x08000819   Thumb Code    28  stm32f10x_exti.o(i.EXTI_GetITStatus)
    EXTI_Init                                0x08000839   Thumb Code   108  stm32f10x_exti.o(i.EXTI_Init)
    FSMC_NORSRAMCmd                          0x080008a9   Thumb Code    26  stm32f10x_fsmc.o(i.FSMC_NORSRAMCmd)
    FSMC_NORSRAMInit                         0x080008c9   Thumb Code   200  stm32f10x_fsmc.o(i.FSMC_NORSRAMInit)
    GPIO_EXTILineConfig                      0x08000991   Thumb Code    34  stm32f10x_gpio.o(i.GPIO_EXTILineConfig)
    GPIO_Init                                0x080009b9   Thumb Code   156  stm32f10x_gpio.o(i.GPIO_Init)
    GPIO_PinRemapConfig                      0x08000a55   Thumb Code    82  stm32f10x_gpio.o(i.GPIO_PinRemapConfig)
    GPIO_ReadInputDataBit                    0x08000aad   Thumb Code    14  stm32f10x_gpio.o(i.GPIO_ReadInputDataBit)
    GPIO_SetBits                             0x08000abb   Thumb Code     4  stm32f10x_gpio.o(i.GPIO_SetBits)
    HardFault_Handler                        0x08000abf   Thumb Code     2  stm32f10x_it.o(i.HardFault_Handler)
    KEY_Init                                 0x08000ac1   Thumb Code    32  key.o(i.KEY_Init)
    KEY_Scan                                 0x08000ae5   Thumb Code   110  key.o(i.KEY_Scan)
    LCD_Clear                                0x08000b5d   Thumb Code    40  lcd.o(i.LCD_Clear)
    LCD_Display_Dir                          0x08000b8d   Thumb Code   180  lcd.o(i.LCD_Display_Dir)
    LCD_Fast_DrawPoint                       0x08000c45   Thumb Code   164  lcd.o(i.LCD_Fast_DrawPoint)
    LCD_Fill                                 0x08000cf1   Thumb Code    66  lcd.o(i.LCD_Fill)
    LCD_Init                                 0x08000d39   Thumb Code  7736  lcd.o(i.LCD_Init)
    LCD_RD_DATA                              0x08002b75   Thumb Code    16  lcd.o(i.LCD_RD_DATA)
    LCD_SSD_BackLightSet                     0x08002b89   Thumb Code    50  lcd.o(i.LCD_SSD_BackLightSet)
    LCD_Scan_Dir                             0x08002bc5   Thumb Code   314  lcd.o(i.LCD_Scan_Dir)
    LCD_SetCursor                            0x08002d09   Thumb Code   172  lcd.o(i.LCD_SetCursor)
    LCD_Set_Window                           0x08002dbd   Thumb Code   296  lcd.o(i.LCD_Set_Window)
    LCD_ShowChar                             0x08002eed   Thumb Code   182  lcd.o(i.LCD_ShowChar)
    LCD_ShowString                           0x08002fb9   Thumb Code    84  lcd.o(i.LCD_ShowString)
    LCD_WriteRAM_Prepare                     0x0800300d   Thumb Code    10  lcd.o(i.LCD_WriteRAM_Prepare)
    LCD_WriteReg                             0x08003021   Thumb Code    10  lcd.o(i.LCD_WriteReg)
    MemManage_Handler                        0x08003031   Thumb Code     2  stm32f10x_it.o(i.MemManage_Handler)
    NMI_Handler                              0x08003033   Thumb Code     2  stm32f10x_it.o(i.NMI_Handler)
    NVIC_Init                                0x08003035   Thumb Code    94  misc.o(i.NVIC_Init)
    OV7725_Init                              0x08003099   Thumb Code   296  ov7725.o(i.OV7725_Init)
    OV7725_Light_Mode                        0x080031f5   Thumb Code   152  ov7725.o(i.OV7725_Light_Mode)
    OV7725_Window_Set                        0x0800328d   Thumb Code   326  ov7725.o(i.OV7725_Window_Set)
    OV7725_camera_refresh                    0x080033d5   Thumb Code   216  main.o(i.OV7725_camera_refresh)
    PendSV_Handler                           0x080034c5   Thumb Code     2  stm32f10x_it.o(i.PendSV_Handler)
    RCC_AHBPeriphClockCmd                    0x080034c9   Thumb Code    18  stm32f10x_rcc.o(i.RCC_AHBPeriphClockCmd)
    RCC_APB1PeriphClockCmd                   0x080034e1   Thumb Code    18  stm32f10x_rcc.o(i.RCC_APB1PeriphClockCmd)
    RCC_APB2PeriphClockCmd                   0x080034f9   Thumb Code    18  stm32f10x_rcc.o(i.RCC_APB2PeriphClockCmd)
    RCC_GetClocksFreq                        0x08003511   Thumb Code   132  stm32f10x_rcc.o(i.RCC_GetClocksFreq)
    SCCB_Init                                0x080035a5   Thumb Code    98  sccb.o(i.SCCB_Init)
    SCCB_No_Ack                              0x08003611   Thumb Code    58  sccb.o(i.SCCB_No_Ack)
    SCCB_RD_Byte                             0x08003655   Thumb Code   102  sccb.o(i.SCCB_RD_Byte)
    SCCB_RD_Reg                              0x080036c9   Thumb Code    76  sccb.o(i.SCCB_RD_Reg)
    SCCB_Start                               0x08003715   Thumb Code    44  sccb.o(i.SCCB_Start)
    SCCB_Stop                                0x08003749   Thumb Code    46  sccb.o(i.SCCB_Stop)
    SCCB_WR_Byte                             0x08003781   Thumb Code   130  sccb.o(i.SCCB_WR_Byte)
    SCCB_WR_Reg                              0x08003811   Thumb Code    62  sccb.o(i.SCCB_WR_Reg)
    SVC_Handler                              0x0800384f   Thumb Code     2  stm32f10x_it.o(i.SVC_Handler)
    SysTick_CLKSourceConfig                  0x080038f9   Thumb Code    24  misc.o(i.SysTick_CLKSourceConfig)
    SysTick_Handler                          0x08003911   Thumb Code     2  stm32f10x_it.o(i.SysTick_Handler)
    SystemInit                               0x08003915   Thumb Code    64  system_stm32f10x.o(i.SystemInit)
    TIM3_IRQHandler                          0x08003965   Thumb Code    30  timer.o(i.TIM3_IRQHandler)
    TIM4_IRQHandler                          0x08003989   Thumb Code    50  usmart.o(i.TIM4_IRQHandler)
    TIM5_IRQHandler                          0x080039c5   Thumb Code   128  timer.o(i.TIM5_IRQHandler)
    TIM6_IRQHandler                          0x08003a4d   Thumb Code    40  timer.o(i.TIM6_IRQHandler)
    TIM_ClearFlag                            0x08003a8d   Thumb Code     6  stm32f10x_tim.o(i.TIM_ClearFlag)
    TIM_ClearITPendingBit                    0x08003a93   Thumb Code     6  stm32f10x_tim.o(i.TIM_ClearITPendingBit)
    TIM_Cmd                                  0x08003a99   Thumb Code    20  stm32f10x_tim.o(i.TIM_Cmd)
    TIM_GetCapture1                          0x08003aad   Thumb Code     4  stm32f10x_tim.o(i.TIM_GetCapture1)
    TIM_GetCounter                           0x08003ab1   Thumb Code     4  stm32f10x_tim.o(i.TIM_GetCounter)
    TIM_GetFlagStatus                        0x08003ab5   Thumb Code    14  stm32f10x_tim.o(i.TIM_GetFlagStatus)
    TIM_GetITStatus                          0x08003ac3   Thumb Code    24  stm32f10x_tim.o(i.TIM_GetITStatus)
    TIM_ITConfig                             0x08003adb   Thumb Code    16  stm32f10x_tim.o(i.TIM_ITConfig)
    TIM_OC1PolarityConfig                    0x08003aeb   Thumb Code    12  stm32f10x_tim.o(i.TIM_OC1PolarityConfig)
    TIM_SetAutoreload                        0x08003af7   Thumb Code     4  stm32f10x_tim.o(i.TIM_SetAutoreload)
    TIM_SetCounter                           0x08003afb   Thumb Code     4  stm32f10x_tim.o(i.TIM_SetCounter)
    TIM_TimeBaseInit                         0x08003b01   Thumb Code   114  stm32f10x_tim.o(i.TIM_TimeBaseInit)
    Timer4_Init                              0x08003b9d   Thumb Code    90  usmart.o(i.Timer4_Init)
    USART1_IRQHandler                        0x08003bfd   Thumb Code    88  usart.o(i.USART1_IRQHandler)
    USART_Cmd                                0x08003c61   Thumb Code    20  stm32f10x_usart.o(i.USART_Cmd)
    USART_GetITStatus                        0x08003c75   Thumb Code    62  stm32f10x_usart.o(i.USART_GetITStatus)
    USART_ITConfig                           0x08003cb3   Thumb Code    48  stm32f10x_usart.o(i.USART_ITConfig)
    USART_Init                               0x08003ce5   Thumb Code   166  stm32f10x_usart.o(i.USART_Init)
    USART_ReceiveData                        0x08003d91   Thumb Code     8  stm32f10x_usart.o(i.USART_ReceiveData)
    UsageFault_Handler                       0x08003d99   Thumb Code     2  stm32f10x_it.o(i.UsageFault_Handler)
    _is_digit                                0x08003d9b   Thumb Code    14  __printf_wp.o(i._is_digit)
    _sys_exit                                0x08003da9   Thumb Code     2  usart.o(i._sys_exit)
    delay_init                               0x08003dad   Thumb Code    46  delay.o(i.delay_init)
    delay_ms                                 0x08003de9   Thumb Code    46  delay.o(i.delay_ms)
    delay_us                                 0x08003e1d   Thumb Code    46  delay.o(i.delay_us)
    fputc                                    0x08003e51   Thumb Code    18  usart.o(i.fputc)
    main                                     0x08003e69   Thumb Code   324  main.o(i.main)
    read_addr                                0x0800403d   Thumb Code     4  usmart.o(i.read_addr)
    uart_init                                0x08004041   Thumb Code   152  usart.o(i.uart_init)
    usmart_cmd_rec                           0x080040e1   Thumb Code   144  usmart.o(i.usmart_cmd_rec)
    usmart_exe                               0x08004175   Thumb Code   510  usmart.o(i.usmart_exe)
    usmart_get_aparm                         0x080043d5   Thumb Code   156  usmart_str.o(i.usmart_get_aparm)
    usmart_get_cmdname                       0x08004471   Thumb Code    46  usmart_str.o(i.usmart_get_cmdname)
    usmart_get_fname                         0x080044a1   Thumb Code   352  usmart_str.o(i.usmart_get_fname)
    usmart_get_fparam                        0x08004609   Thumb Code   202  usmart_str.o(i.usmart_get_fparam)
    usmart_get_parmpos                       0x080046d9   Thumb Code    30  usmart_str.o(i.usmart_get_parmpos)
    usmart_get_runtime                       0x080046fd   Thumb Code    48  usmart.o(i.usmart_get_runtime)
    usmart_init                              0x08004735   Thumb Code    36  usmart.o(i.usmart_init)
    usmart_pow                               0x0800475d   Thumb Code    16  usmart_str.o(i.usmart_pow)
    usmart_reset_runtime                     0x0800476d   Thumb Code    40  usmart.o(i.usmart_reset_runtime)
    usmart_scan                              0x0800479d   Thumb Code    94  usmart.o(i.usmart_scan)
    usmart_search_nextc                      0x08004841   Thumb Code    16  usmart_str.o(i.usmart_search_nextc)
    usmart_str2num                           0x08004851   Thumb Code   160  usmart_str.o(i.usmart_str2num)
    usmart_strcmp                            0x080048f1   Thumb Code    24  usmart_str.o(i.usmart_strcmp)
    usmart_strcopy                           0x08004909   Thumb Code    18  usmart_str.o(i.usmart_strcopy)
    usmart_strlen                            0x0800491b   Thumb Code    18  usmart_str.o(i.usmart_strlen)
    usmart_sys_cmd_exe                       0x0800492d   Thumb Code  1442  usmart.o(i.usmart_sys_cmd_exe)
    write_addr                               0x08004f9d   Thumb Code     4  usmart.o(i.write_addr)
    __aeabi_d2uiz                            0x08004fa1   Thumb Code     0  dfixu.o(x$fpl$dfixu)
    _dfixu                                   0x08004fa1   Thumb Code    90  dfixu.o(x$fpl$dfixu)
    __aeabi_ui2d                             0x08004ffb   Thumb Code     0  dflt_clz.o(x$fpl$dfltu)
    _dfltu                                   0x08004ffb   Thumb Code    38  dflt_clz.o(x$fpl$dfltu)
    __aeabi_dmul                             0x08005021   Thumb Code     0  dmul.o(x$fpl$dmul)
    _dmul                                    0x08005021   Thumb Code   332  dmul.o(x$fpl$dmul)
    __fpl_dnaninf                            0x08005175   Thumb Code   156  dnaninf.o(x$fpl$dnaninf)
    __fpl_dretinf                            0x08005211   Thumb Code    12  dretinf.o(x$fpl$dretinf)
    __I$use$fp                               0x0800521c   Number         0  usenofp.o(x$fpl$usenofp)
    asc2_1206                                0x0800521c   Data        1140  lcd.o(.constdata)
    asc2_1608                                0x08005690   Data        1520  lcd.o(.constdata)
    asc2_2412                                0x08005c80   Data        3420  lcd.o(.constdata)
    ov7725_init_reg_tb1                      0x080069dc   Data         130  ov7725.o(.constdata)
    Region$$Table$$Base                      0x08006b5c   Number         0  anon$$obj.o(Region$$Table)
    Region$$Table$$Limit                     0x08006b7c   Number         0  anon$$obj.o(Region$$Table)
    LMODE_TBL                                0x20000000   Data          24  main.o(.data)
    SystemCoreClock                          0x20000018   Data           4  system_stm32f10x.o(.data)
    AHBPrescTable                            0x2000001c   Data          16  system_stm32f10x.o(.data)
    POINT_COLOR                              0x2000002e   Data           2  lcd.o(.data)
    BACK_COLOR                               0x20000030   Data           2  lcd.o(.data)
    ov_sta                                   0x20000032   Data           1  exti.o(.data)
    TIM5CH1_CAPTURE_STA                      0x20000034   Data           1  timer.o(.data)
    ov_frame                                 0x20000035   Data           1  timer.o(.data)
    TIM5CH1_CAPTURE_VAL                      0x20000036   Data           2  timer.o(.data)
    USART_RX_STA                             0x2000003c   Data           2  usart.o(.data)
    __stdout                                 0x20000040   Data           4  usart.o(.data)
    sys_cmd_tab                              0x20000058   Data          28  usmart.o(.data)
    usmart_nametab                           0x20000074   Data          32  usmart_config.o(.data)
    usmart_dev                               0x20000094   Data         244  usmart_config.o(.data)
    lcddev                                   0x20000188   Data          14  lcd.o(.bss)
    USART_RX_BUF                             0x20000196   Data         200  usart.o(.bss)
    __libspace_start                         0x20000260   Data          96  libspace.o(.bss)
    __temporary_stack_top$libspace           0x200002c0   Data           0  libspace.o(.bss)



==============================================================================

Memory Map of the image

  Image Entry point : 0x08000131

  Load Region LR_IROM1 (Base: 0x08000000, Size: 0x00006d04, Max: 0x00080000, ABSOLUTE, COMPRESSED[0x00006bf4])

    Execution Region ER_IROM1 (Exec base: 0x08000000, Load base: 0x08000000, Size: 0x00006b7c, Max: 0x00080000, ABSOLUTE)

    Exec Addr    Load Addr    Size         Type   Attr      Idx    E Section Name        Object

    0x08000000   0x08000000   0x00000130   Data   RO          770    RESET               startup_stm32f10x_hd.o
    0x08000130   0x08000130   0x00000008   Code   RO         2237  * !!!main             c_w.l(__main.o)
    0x08000138   0x08000138   0x00000034   Code   RO         2428    !!!scatter          c_w.l(__scatter.o)
    0x0800016c   0x0800016c   0x0000005a   Code   RO         2426    !!dczerorl2         c_w.l(__dczerorl2.o)
    0x080001c6   0x080001c6   0x00000002   PAD
    0x080001c8   0x080001c8   0x0000001c   Code   RO         2430    !!handler_zi        c_w.l(__scatter_zi.o)
    0x080001e4   0x080001e4   0x00000000   Code   RO         2234    .ARM.Collect$$_printf_percent$$00000000  c_w.l(_printf_percent.o)
    0x080001e4   0x080001e4   0x00000006   Code   RO         2232    .ARM.Collect$$_printf_percent$$00000009  c_w.l(_printf_d.o)
    0x080001ea   0x080001ea   0x00000006   Code   RO         2233    .ARM.Collect$$_printf_percent$$0000000A  c_w.l(_printf_u.o)
    0x080001f0   0x080001f0   0x00000006   Code   RO         2231    .ARM.Collect$$_printf_percent$$0000000C  c_w.l(_printf_x.o)
    0x080001f6   0x080001f6   0x00000006   Code   RO         2229    .ARM.Collect$$_printf_percent$$00000013  c_w.l(_printf_c.o)
    0x080001fc   0x080001fc   0x00000006   Code   RO         2230    .ARM.Collect$$_printf_percent$$00000014  c_w.l(_printf_s.o)
    0x08000202   0x08000202   0x00000004   Code   RO         2260    .ARM.Collect$$_printf_percent$$00000017  c_w.l(_printf_percent_end.o)
    0x08000206   0x08000206   0x00000002   Code   RO         2298    .ARM.Collect$$libinit$$00000000  c_w.l(libinit.o)
    0x08000208   0x08000208   0x00000000   Code   RO         2305    .ARM.Collect$$libinit$$00000002  c_w.l(libinit2.o)
    0x08000208   0x08000208   0x00000000   Code   RO         2307    .ARM.Collect$$libinit$$00000004  c_w.l(libinit2.o)
    0x08000208   0x08000208   0x00000000   Code   RO         2310    .ARM.Collect$$libinit$$0000000A  c_w.l(libinit2.o)
    0x08000208   0x08000208   0x00000000   Code   RO         2312    .ARM.Collect$$libinit$$0000000C  c_w.l(libinit2.o)
    0x08000208   0x08000208   0x00000000   Code   RO         2314    .ARM.Collect$$libinit$$0000000E  c_w.l(libinit2.o)
    0x08000208   0x08000208   0x00000000   Code   RO         2317    .ARM.Collect$$libinit$$00000011  c_w.l(libinit2.o)
    0x08000208   0x08000208   0x00000000   Code   RO         2319    .ARM.Collect$$libinit$$00000013  c_w.l(libinit2.o)
    0x08000208   0x08000208   0x00000000   Code   RO         2321    .ARM.Collect$$libinit$$00000015  c_w.l(libinit2.o)
    0x08000208   0x08000208   0x00000000   Code   RO         2323    .ARM.Collect$$libinit$$00000017  c_w.l(libinit2.o)
    0x08000208   0x08000208   0x00000000   Code   RO         2325    .ARM.Collect$$libinit$$00000019  c_w.l(libinit2.o)
    0x08000208   0x08000208   0x00000000   Code   RO         2327    .ARM.Collect$$libinit$$0000001B  c_w.l(libinit2.o)
    0x08000208   0x08000208   0x00000000   Code   RO         2329    .ARM.Collect$$libinit$$0000001D  c_w.l(libinit2.o)
    0x08000208   0x08000208   0x00000000   Code   RO         2331    .ARM.Collect$$libinit$$0000001F  c_w.l(libinit2.o)
    0x08000208   0x08000208   0x00000000   Code   RO         2333    .ARM.Collect$$libinit$$00000021  c_w.l(libinit2.o)
    0x08000208   0x08000208   0x00000000   Code   RO         2335    .ARM.Collect$$libinit$$00000023  c_w.l(libinit2.o)
    0x08000208   0x08000208   0x00000000   Code   RO         2337    .ARM.Collect$$libinit$$00000025  c_w.l(libinit2.o)
    0x08000208   0x08000208   0x00000000   Code   RO         2341    .ARM.Collect$$libinit$$0000002C  c_w.l(libinit2.o)
    0x08000208   0x08000208   0x00000000   Code   RO         2343    .ARM.Collect$$libinit$$0000002E  c_w.l(libinit2.o)
    0x08000208   0x08000208   0x00000000   Code   RO         2345    .ARM.Collect$$libinit$$00000030  c_w.l(libinit2.o)
    0x08000208   0x08000208   0x00000000   Code   RO         2347    .ARM.Collect$$libinit$$00000032  c_w.l(libinit2.o)
    0x08000208   0x08000208   0x00000002   Code   RO         2348    .ARM.Collect$$libinit$$00000033  c_w.l(libinit2.o)
    0x0800020a   0x0800020a   0x00000002   Code   RO         2366    .ARM.Collect$$libshutdown$$00000000  c_w.l(libshutdown.o)
    0x0800020c   0x0800020c   0x00000000   Code   RO         2376    .ARM.Collect$$libshutdown$$00000002  c_w.l(libshutdown2.o)
    0x0800020c   0x0800020c   0x00000000   Code   RO         2378    .ARM.Collect$$libshutdown$$00000004  c_w.l(libshutdown2.o)
    0x0800020c   0x0800020c   0x00000000   Code   RO         2380    .ARM.Collect$$libshutdown$$00000006  c_w.l(libshutdown2.o)
    0x0800020c   0x0800020c   0x00000000   Code   RO         2383    .ARM.Collect$$libshutdown$$00000009  c_w.l(libshutdown2.o)
    0x0800020c   0x0800020c   0x00000000   Code   RO         2386    .ARM.Collect$$libshutdown$$0000000C  c_w.l(libshutdown2.o)
    0x0800020c   0x0800020c   0x00000000   Code   RO         2388    .ARM.Collect$$libshutdown$$0000000E  c_w.l(libshutdown2.o)
    0x0800020c   0x0800020c   0x00000000   Code   RO         2391    .ARM.Collect$$libshutdown$$00000011  c_w.l(libshutdown2.o)
    0x0800020c   0x0800020c   0x00000002   Code   RO         2392    .ARM.Collect$$libshutdown$$00000012  c_w.l(libshutdown2.o)
    0x0800020e   0x0800020e   0x00000000   Code   RO         2253    .ARM.Collect$$rtentry$$00000000  c_w.l(__rtentry.o)
    0x0800020e   0x0800020e   0x00000000   Code   RO         2267    .ARM.Collect$$rtentry$$00000002  c_w.l(__rtentry2.o)
    0x0800020e   0x0800020e   0x00000006   Code   RO         2279    .ARM.Collect$$rtentry$$00000004  c_w.l(__rtentry4.o)
    0x08000214   0x08000214   0x00000000   Code   RO         2269    .ARM.Collect$$rtentry$$00000009  c_w.l(__rtentry2.o)
    0x08000214   0x08000214   0x00000004   Code   RO         2270    .ARM.Collect$$rtentry$$0000000A  c_w.l(__rtentry2.o)
    0x08000218   0x08000218   0x00000000   Code   RO         2272    .ARM.Collect$$rtentry$$0000000C  c_w.l(__rtentry2.o)
    0x08000218   0x08000218   0x00000008   Code   RO         2273    .ARM.Collect$$rtentry$$0000000D  c_w.l(__rtentry2.o)
    0x08000220   0x08000220   0x00000002   Code   RO         2302    .ARM.Collect$$rtexit$$00000000  c_w.l(rtexit.o)
    0x08000222   0x08000222   0x00000000   Code   RO         2350    .ARM.Collect$$rtexit$$00000002  c_w.l(rtexit2.o)
    0x08000222   0x08000222   0x00000004   Code   RO         2351    .ARM.Collect$$rtexit$$00000003  c_w.l(rtexit2.o)
    0x08000226   0x08000226   0x00000006   Code   RO         2352    .ARM.Collect$$rtexit$$00000004  c_w.l(rtexit2.o)
    0x0800022c   0x0800022c   0x0000003c   Code   RO          771    .text               startup_stm32f10x_hd.o
    0x08000268   0x08000268   0x00000002   Code   RO         2174    .text               c_w.l(use_no_semi_2.o)
    0x0800026a   0x0800026a   0x00000002   PAD
    0x0800026c   0x0800026c   0x00000018   Code   RO         2178    .text               c_w.l(noretval__2printf.o)
    0x08000284   0x08000284   0x0000004e   Code   RO         2182    .text               c_w.l(_printf_pad.o)
    0x080002d2   0x080002d2   0x00000052   Code   RO         2184    .text               c_w.l(_printf_str.o)
    0x08000324   0x08000324   0x00000078   Code   RO         2186    .text               c_w.l(_printf_dec.o)
    0x0800039c   0x0800039c   0x00000058   Code   RO         2191    .text               c_w.l(_printf_hex_int.o)
    0x080003f4   0x080003f4   0x00000188   Code   RO         2226    .text               c_w.l(__printf_flags_ss_wp.o)
    0x0800057c   0x0800057c   0x00000006   Code   RO         2235    .text               c_w.l(heapauxi.o)
    0x08000582   0x08000582   0x00000002   Code   RO         2251    .text               c_w.l(use_no_semi.o)
    0x08000584   0x08000584   0x000000b2   Code   RO         2254    .text               c_w.l(_printf_intcommon.o)
    0x08000636   0x08000636   0x0000002c   Code   RO         2256    .text               c_w.l(_printf_char.o)
    0x08000662   0x08000662   0x00000002   PAD
    0x08000664   0x08000664   0x00000024   Code   RO         2258    .text               c_w.l(_printf_char_file.o)
    0x08000688   0x08000688   0x00000030   Code   RO         2281    .text               c_w.l(_printf_char_common.o)
    0x080006b8   0x080006b8   0x00000008   Code   RO         2283    .text               c_w.l(ferror.o)
    0x080006c0   0x080006c0   0x0000004a   Code   RO         2287    .text               c_w.l(sys_stackheap_outer.o)
    0x0800070a   0x0800070a   0x00000012   Code   RO         2291    .text               c_w.l(exit.o)
    0x0800071c   0x0800071c   0x00000008   Code   RO         2299    .text               c_w.l(libspace.o)
    0x08000724   0x08000724   0x00000002   Code   RO          110    i.BusFault_Handler  stm32f10x_it.o
    0x08000726   0x08000726   0x00000002   Code   RO          111    i.DebugMon_Handler  stm32f10x_it.o
    0x08000728   0x08000728   0x00000038   Code   RO          438    i.EXTI0_IRQHandler  exti.o
    0x08000760   0x08000760   0x00000012   Code   RO          439    i.EXTI3_IRQHandler  exti.o
    0x08000772   0x08000772   0x00000012   Code   RO          440    i.EXTI4_IRQHandler  exti.o
    0x08000784   0x08000784   0x00000042   Code   RO          441    i.EXTI8_Init        exti.o
    0x080007c6   0x080007c6   0x00000002   PAD
    0x080007c8   0x080007c8   0x00000044   Code   RO          442    i.EXTI9_5_IRQHandler  exti.o
    0x0800080c   0x0800080c   0x0000000c   Code   RO         1426    i.EXTI_ClearITPendingBit  stm32f10x_exti.o
    0x08000818   0x08000818   0x00000020   Code   RO         1430    i.EXTI_GetITStatus  stm32f10x_exti.o
    0x08000838   0x08000838   0x00000070   Code   RO         1431    i.EXTI_Init         stm32f10x_exti.o
    0x080008a8   0x080008a8   0x00000020   Code   RO          822    i.FSMC_NORSRAMCmd   stm32f10x_fsmc.o
    0x080008c8   0x080008c8   0x000000c8   Code   RO          824    i.FSMC_NORSRAMInit  stm32f10x_fsmc.o
    0x08000990   0x08000990   0x00000028   Code   RO          934    i.GPIO_EXTILineConfig  stm32f10x_gpio.o
    0x080009b8   0x080009b8   0x0000009c   Code   RO          937    i.GPIO_Init         stm32f10x_gpio.o
    0x08000a54   0x08000a54   0x00000058   Code   RO          939    i.GPIO_PinRemapConfig  stm32f10x_gpio.o
    0x08000aac   0x08000aac   0x0000000e   Code   RO          941    i.GPIO_ReadInputDataBit  stm32f10x_gpio.o
    0x08000aba   0x08000aba   0x00000004   Code   RO          945    i.GPIO_SetBits      stm32f10x_gpio.o
    0x08000abe   0x08000abe   0x00000002   Code   RO          112    i.HardFault_Handler  stm32f10x_it.o
    0x08000ac0   0x08000ac0   0x00000024   Code   RO          222    i.KEY_Init          key.o
    0x08000ae4   0x08000ae4   0x00000078   Code   RO          223    i.KEY_Scan          key.o
    0x08000b5c   0x08000b5c   0x00000030   Code   RO          242    i.LCD_Clear         lcd.o
    0x08000b8c   0x08000b8c   0x000000b8   Code   RO          246    i.LCD_Display_Dir   lcd.o
    0x08000c44   0x08000c44   0x000000ac   Code   RO          251    i.LCD_Fast_DrawPoint  lcd.o
    0x08000cf0   0x08000cf0   0x00000048   Code   RO          252    i.LCD_Fill          lcd.o
    0x08000d38   0x08000d38   0x00001e3c   Code   RO          253    i.LCD_Init          lcd.o
    0x08002b74   0x08002b74   0x00000014   Code   RO          255    i.LCD_RD_DATA       lcd.o
    0x08002b88   0x08002b88   0x0000003c   Code   RO          258    i.LCD_SSD_BackLightSet  lcd.o
    0x08002bc4   0x08002bc4   0x00000144   Code   RO          259    i.LCD_Scan_Dir      lcd.o
    0x08002d08   0x08002d08   0x000000b4   Code   RO          260    i.LCD_SetCursor     lcd.o
    0x08002dbc   0x08002dbc   0x00000130   Code   RO          261    i.LCD_Set_Window    lcd.o
    0x08002eec   0x08002eec   0x000000cc   Code   RO          262    i.LCD_ShowChar      lcd.o
    0x08002fb8   0x08002fb8   0x00000054   Code   RO          264    i.LCD_ShowString    lcd.o
    0x0800300c   0x0800300c   0x00000014   Code   RO          269    i.LCD_WriteRAM_Prepare  lcd.o
    0x08003020   0x08003020   0x00000010   Code   RO          270    i.LCD_WriteReg      lcd.o
    0x08003030   0x08003030   0x00000002   Code   RO          113    i.MemManage_Handler  stm32f10x_it.o
    0x08003032   0x08003032   0x00000002   Code   RO          114    i.NMI_Handler       stm32f10x_it.o
    0x08003034   0x08003034   0x00000064   Code   RO          775    i.NVIC_Init         misc.o
    0x08003098   0x08003098   0x0000015c   Code   RO          610    i.OV7725_Init       ov7725.o
    0x080031f4   0x080031f4   0x00000098   Code   RO          611    i.OV7725_Light_Mode  ov7725.o
    0x0800328c   0x0800328c   0x00000146   Code   RO          613    i.OV7725_Window_Set  ov7725.o
    0x080033d2   0x080033d2   0x00000002   PAD
    0x080033d4   0x080033d4   0x000000f0   Code   RO            1    i.OV7725_camera_refresh  main.o
    0x080034c4   0x080034c4   0x00000002   Code   RO          115    i.PendSV_Handler    stm32f10x_it.o
    0x080034c6   0x080034c6   0x00000002   PAD
    0x080034c8   0x080034c8   0x00000018   Code   RO         1046    i.RCC_AHBPeriphClockCmd  stm32f10x_rcc.o
    0x080034e0   0x080034e0   0x00000018   Code   RO         1047    i.RCC_APB1PeriphClockCmd  stm32f10x_rcc.o
    0x080034f8   0x080034f8   0x00000018   Code   RO         1049    i.RCC_APB2PeriphClockCmd  stm32f10x_rcc.o
    0x08003510   0x08003510   0x00000094   Code   RO         1057    i.RCC_GetClocksFreq  stm32f10x_rcc.o
    0x080035a4   0x080035a4   0x0000006c   Code   RO          554    i.SCCB_Init         sccb.o
    0x08003610   0x08003610   0x00000044   Code   RO          555    i.SCCB_No_Ack       sccb.o
    0x08003654   0x08003654   0x00000074   Code   RO          556    i.SCCB_RD_Byte      sccb.o
    0x080036c8   0x080036c8   0x0000004c   Code   RO          557    i.SCCB_RD_Reg       sccb.o
    0x08003714   0x08003714   0x00000034   Code   RO          558    i.SCCB_Start        sccb.o
    0x08003748   0x08003748   0x00000038   Code   RO          559    i.SCCB_Stop         sccb.o
    0x08003780   0x08003780   0x00000090   Code   RO          560    i.SCCB_WR_Byte      sccb.o
    0x08003810   0x08003810   0x0000003e   Code   RO          561    i.SCCB_WR_Reg       sccb.o
    0x0800384e   0x0800384e   0x00000002   Code   RO          116    i.SVC_Handler       stm32f10x_it.o
    0x08003850   0x08003850   0x000000a8   Code   RO          193    i.SetSysClockTo72   system_stm32f10x.o
    0x080038f8   0x080038f8   0x00000018   Code   RO          779    i.SysTick_CLKSourceConfig  misc.o
    0x08003910   0x08003910   0x00000002   Code   RO          117    i.SysTick_Handler   stm32f10x_it.o
    0x08003912   0x08003912   0x00000002   PAD
    0x08003914   0x08003914   0x00000050   Code   RO          195    i.SystemInit        system_stm32f10x.o
    0x08003964   0x08003964   0x00000024   Code   RO          493    i.TIM3_IRQHandler   timer.o
    0x08003988   0x08003988   0x0000003c   Code   RO         2012    i.TIM4_IRQHandler   usmart.o
    0x080039c4   0x080039c4   0x00000088   Code   RO          497    i.TIM5_IRQHandler   timer.o
    0x08003a4c   0x08003a4c   0x00000040   Code   RO          498    i.TIM6_IRQHandler   timer.o
    0x08003a8c   0x08003a8c   0x00000006   Code   RO         1487    i.TIM_ClearFlag     stm32f10x_tim.o
    0x08003a92   0x08003a92   0x00000006   Code   RO         1488    i.TIM_ClearITPendingBit  stm32f10x_tim.o
    0x08003a98   0x08003a98   0x00000014   Code   RO         1493    i.TIM_Cmd           stm32f10x_tim.o
    0x08003aac   0x08003aac   0x00000004   Code   RO         1508    i.TIM_GetCapture1   stm32f10x_tim.o
    0x08003ab0   0x08003ab0   0x00000004   Code   RO         1512    i.TIM_GetCounter    stm32f10x_tim.o
    0x08003ab4   0x08003ab4   0x0000000e   Code   RO         1513    i.TIM_GetFlagStatus  stm32f10x_tim.o
    0x08003ac2   0x08003ac2   0x00000018   Code   RO         1514    i.TIM_GetITStatus   stm32f10x_tim.o
    0x08003ada   0x08003ada   0x00000010   Code   RO         1518    i.TIM_ITConfig      stm32f10x_tim.o
    0x08003aea   0x08003aea   0x0000000c   Code   RO         1524    i.TIM_OC1PolarityConfig  stm32f10x_tim.o
    0x08003af6   0x08003af6   0x00000004   Code   RO         1552    i.TIM_SetAutoreload  stm32f10x_tim.o
    0x08003afa   0x08003afa   0x00000004   Code   RO         1558    i.TIM_SetCounter    stm32f10x_tim.o
    0x08003afe   0x08003afe   0x00000002   PAD
    0x08003b00   0x08003b00   0x0000009c   Code   RO         1564    i.TIM_TimeBaseInit  stm32f10x_tim.o
    0x08003b9c   0x08003b9c   0x00000060   Code   RO         2013    i.Timer4_Init       usmart.o
    0x08003bfc   0x08003bfc   0x00000064   Code   RO          716    i.USART1_IRQHandler  usart.o
    0x08003c60   0x08003c60   0x00000014   Code   RO         1249    i.USART_Cmd         stm32f10x_usart.o
    0x08003c74   0x08003c74   0x0000003e   Code   RO         1253    i.USART_GetITStatus  stm32f10x_usart.o
    0x08003cb2   0x08003cb2   0x00000030   Code   RO         1255    i.USART_ITConfig    stm32f10x_usart.o
    0x08003ce2   0x08003ce2   0x00000002   PAD
    0x08003ce4   0x08003ce4   0x000000ac   Code   RO         1256    i.USART_Init        stm32f10x_usart.o
    0x08003d90   0x08003d90   0x00000008   Code   RO         1263    i.USART_ReceiveData  stm32f10x_usart.o
    0x08003d98   0x08003d98   0x00000002   Code   RO          118    i.UsageFault_Handler  stm32f10x_it.o
    0x08003d9a   0x08003d9a   0x0000000e   Code   RO         2219    i._is_digit         c_w.l(__printf_wp.o)
    0x08003da8   0x08003da8   0x00000002   Code   RO          717    i._sys_exit         usart.o
    0x08003daa   0x08003daa   0x00000002   PAD
    0x08003dac   0x08003dac   0x0000003c   Code   RO          661    i.delay_init        delay.o
    0x08003de8   0x08003de8   0x00000034   Code   RO          662    i.delay_ms          delay.o
    0x08003e1c   0x08003e1c   0x00000034   Code   RO          663    i.delay_us          delay.o
    0x08003e50   0x08003e50   0x00000018   Code   RO          718    i.fputc             usart.o
    0x08003e68   0x08003e68   0x000001d4   Code   RO            2    i.main              main.o
    0x0800403c   0x0800403c   0x00000004   Code   RO         2014    i.read_addr         usmart.o
    0x08004040   0x08004040   0x000000a0   Code   RO          719    i.uart_init         usart.o
    0x080040e0   0x080040e0   0x00000094   Code   RO         2015    i.usmart_cmd_rec    usmart.o
    0x08004174   0x08004174   0x00000260   Code   RO         2016    i.usmart_exe        usmart.o
    0x080043d4   0x080043d4   0x0000009c   Code   RO         2105    i.usmart_get_aparm  usmart_str.o
    0x08004470   0x08004470   0x0000002e   Code   RO         2106    i.usmart_get_cmdname  usmart_str.o
    0x0800449e   0x0800449e   0x00000002   PAD
    0x080044a0   0x080044a0   0x00000168   Code   RO         2107    i.usmart_get_fname  usmart_str.o
    0x08004608   0x08004608   0x000000d0   Code   RO         2108    i.usmart_get_fparam  usmart_str.o
    0x080046d8   0x080046d8   0x00000024   Code   RO         2109    i.usmart_get_parmpos  usmart_str.o
    0x080046fc   0x080046fc   0x00000038   Code   RO         2017    i.usmart_get_runtime  usmart.o
    0x08004734   0x08004734   0x00000028   Code   RO         2018    i.usmart_init       usmart.o
    0x0800475c   0x0800475c   0x00000010   Code   RO         2110    i.usmart_pow        usmart_str.o
    0x0800476c   0x0800476c   0x00000030   Code   RO         2019    i.usmart_reset_runtime  usmart.o
    0x0800479c   0x0800479c   0x000000a4   Code   RO         2020    i.usmart_scan       usmart.o
    0x08004840   0x08004840   0x00000010   Code   RO         2111    i.usmart_search_nextc  usmart_str.o
    0x08004850   0x08004850   0x000000a0   Code   RO         2112    i.usmart_str2num    usmart_str.o
    0x080048f0   0x080048f0   0x00000018   Code   RO         2113    i.usmart_strcmp     usmart_str.o
    0x08004908   0x08004908   0x00000012   Code   RO         2114    i.usmart_strcopy    usmart_str.o
    0x0800491a   0x0800491a   0x00000012   Code   RO         2115    i.usmart_strlen     usmart_str.o
    0x0800492c   0x0800492c   0x00000670   Code   RO         2021    i.usmart_sys_cmd_exe  usmart.o
    0x08004f9c   0x08004f9c   0x00000004   Code   RO         2022    i.write_addr        usmart.o
    0x08004fa0   0x08004fa0   0x0000005a   Code   RO         2239    x$fpl$dfixu         fz_ws.l(dfixu.o)
    0x08004ffa   0x08004ffa   0x00000026   Code   RO         2243    x$fpl$dfltu         fz_ws.l(dflt_clz.o)
    0x08005020   0x08005020   0x00000154   Code   RO         2249    x$fpl$dmul          fz_ws.l(dmul.o)
    0x08005174   0x08005174   0x0000009c   Code   RO         2261    x$fpl$dnaninf       fz_ws.l(dnaninf.o)
    0x08005210   0x08005210   0x0000000c   Code   RO         2263    x$fpl$dretinf       fz_ws.l(dretinf.o)
    0x0800521c   0x0800521c   0x00000000   Code   RO         2265    x$fpl$usenofp       fz_ws.l(usenofp.o)
    0x0800521c   0x0800521c   0x000017c0   Data   RO          273    .constdata          lcd.o
    0x080069dc   0x080069dc   0x00000082   Data   RO          614    .constdata          ov7725.o
    0x08006a5e   0x08006a5e   0x00000028   Data   RO         2192    .constdata          c_w.l(_printf_hex_int.o)
    0x08006a86   0x08006a86   0x00000011   Data   RO         2227    .constdata          c_w.l(__printf_flags_ss_wp.o)
    0x08006a97   0x08006a97   0x00000001   PAD
    0x08006a98   0x08006a98   0x0000002e   Data   RO            3    .conststring        main.o
    0x08006ac6   0x08006ac6   0x00000002   PAD
    0x08006ac8   0x08006ac8   0x00000028   Data   RO         2023    .conststring        usmart.o
    0x08006af0   0x08006af0   0x0000006b   Data   RO         2088    .conststring        usmart_config.o
    0x08006b5b   0x08006b5b   0x00000001   PAD
    0x08006b5c   0x08006b5c   0x00000020   Data   RO         2424    Region$$Table       anon$$obj.o


    Execution Region RW_IRAM1 (Exec base: 0x20000000, Load base: 0x08006b7c, Size: 0x000006c0, Max: 0x00010000, ABSOLUTE, COMPRESSED[0x00000078])

    Exec Addr    Load Addr    Size         Type   Attr      Idx    E Section Name        Object

    0x20000000   COMPRESSED   0x00000018   Data   RW            4    .data               main.o
    0x20000018   COMPRESSED   0x00000014   Data   RW          196    .data               system_stm32f10x.o
    0x2000002c   COMPRESSED   0x00000001   Data   RW          224    .data               key.o
    0x2000002d   COMPRESSED   0x00000001   PAD
    0x2000002e   COMPRESSED   0x00000004   Data   RW          274    .data               lcd.o
    0x20000032   COMPRESSED   0x00000001   Data   RW          444    .data               exti.o
    0x20000033   COMPRESSED   0x00000001   PAD
    0x20000034   COMPRESSED   0x00000004   Data   RW          501    .data               timer.o
    0x20000038   COMPRESSED   0x00000004   Data   RW          664    .data               delay.o
    0x2000003c   COMPRESSED   0x00000002   Data   RW          721    .data               usart.o
    0x2000003e   COMPRESSED   0x00000002   PAD
    0x20000040   COMPRESSED   0x00000004   Data   RW          722    .data               usart.o
    0x20000044   COMPRESSED   0x00000014   Data   RW         1077    .data               stm32f10x_rcc.o
    0x20000058   COMPRESSED   0x0000001c   Data   RW         2024    .data               usmart.o
    0x20000074   COMPRESSED   0x00000020   Data   RW         2089    .data               usmart_config.o
    0x20000094   COMPRESSED   0x000000f4   Data   RW         2090    .data               usmart_config.o
    0x20000188        -       0x0000000e   Zero   RW          272    .bss                lcd.o
    0x20000196        -       0x000000c8   Zero   RW          720    .bss                usart.o
    0x2000025e   COMPRESSED   0x00000002   PAD
    0x20000260        -       0x00000060   Zero   RW         2300    .bss                c_w.l(libspace.o)
    0x200002c0        -       0x00000000   Zero   RW          769    HEAP                startup_stm32f10x_hd.o
    0x200002c0        -       0x00000400   Zero   RW          768    STACK               startup_stm32f10x_hd.o


==============================================================================

Image component sizes


      Code (inc. data)   RO Data    RW Data    ZI Data      Debug   Object Name

       164         26          0          4          0       1727   delay.o
       226         22          0          1          0       2764   exti.o
       156         14          0          1          0       1146   key.o
      9428        164       6080          4         14      49911   lcd.o
       708        168         46         24          0     265336   main.o
       124          6          0          0          0       1586   misc.o
       826         58        130          0          0       5072   ov7725.o
       682         66          0          0          0       4943   sccb.o
        60         22        304          0       1024        788   startup_stm32f10x_hd.o
       156         14          0          0          0       2240   stm32f10x_exti.o
       232          6          0          0          0       1897   stm32f10x_fsmc.o
       302         12          0          0          0       4675   stm32f10x_gpio.o
        18          0          0          0          0       3714   stm32f10x_it.o
       220         34          0         20          0       5122   stm32f10x_rcc.o
       270         42          0          0          0       8405   stm32f10x_tim.o
       310          6          0          0          0       5206   stm32f10x_usart.o
         0          0          0          0          0         32   sys.o
       248         24          0         20          0       1741   system_stm32f10x.o
       236         38          0          4          0       2018   timer.o
       286         26          0          6        200       4168   usart.o
      2876       1332         40         28          0       7766   usmart.o
         0          0        107        276          0       1612   usmart_config.o
      1058         20          0          0          0       9051   usmart_str.o

    ----------------------------------------------------------------------
     18602       2100       6742        392       1240     390920   Object Totals
         0          0         32          0          0          0   (incl. Generated)
        16          0          3          4          2          0   (incl. Padding)

    ----------------------------------------------------------------------

      Code (inc. data)   RO Data    RW Data    ZI Data      Debug   Library Member Name

        90          0          0          0          0          0   __dczerorl2.o
         8          0          0          0          0         68   __main.o
       392          4         17          0          0         92   __printf_flags_ss_wp.o
        14          0          0          0          0         68   __printf_wp.o
         0          0          0          0          0          0   __rtentry.o
        12          0          0          0          0          0   __rtentry2.o
         6          0          0          0          0          0   __rtentry4.o
        52          8          0          0          0          0   __scatter.o
        28          0          0          0          0          0   __scatter_zi.o
         6          0          0          0          0          0   _printf_c.o
        44          0          0          0          0        108   _printf_char.o
        48          6          0          0          0         96   _printf_char_common.o
        36          4          0          0          0         80   _printf_char_file.o
         6          0          0          0          0          0   _printf_d.o
       120         16          0          0          0         92   _printf_dec.o
        88          4         40          0          0         88   _printf_hex_int.o
       178          0          0          0          0         88   _printf_intcommon.o
        78          0          0          0          0        108   _printf_pad.o
         0          0          0          0          0          0   _printf_percent.o
         4          0          0          0          0          0   _printf_percent_end.o
         6          0          0          0          0          0   _printf_s.o
        82          0          0          0          0         80   _printf_str.o
         6          0          0          0          0          0   _printf_u.o
         6          0          0          0          0          0   _printf_x.o
        18          0          0          0          0         80   exit.o
         8          0          0          0          0         68   ferror.o
         6          0          0          0          0        152   heapauxi.o
         2          0          0          0          0          0   libinit.o
         2          0          0          0          0          0   libinit2.o
         2          0          0          0          0          0   libshutdown.o
         2          0          0          0          0          0   libshutdown2.o
         8          4          0          0         96         68   libspace.o
        24          4          0          0          0         84   noretval__2printf.o
         2          0          0          0          0          0   rtexit.o
        10          0          0          0          0          0   rtexit2.o
        74          0          0          0          0         80   sys_stackheap_outer.o
         2          0          0          0          0         68   use_no_semi.o
         2          0          0          0          0         68   use_no_semi_2.o
        90          4          0          0          0         92   dfixu.o
        38          0          0          0          0         68   dflt_clz.o
       340         12          0          0          0        104   dmul.o
       156          4          0          0          0         92   dnaninf.o
        12          0          0          0          0         68   dretinf.o
         0          0          0          0          0          0   usenofp.o

    ----------------------------------------------------------------------
      2114         70         58          0         96       2060   Library Totals
         6          0          1          0          0          0   (incl. Padding)

    ----------------------------------------------------------------------

      Code (inc. data)   RO Data    RW Data    ZI Data      Debug   Library Name

      1472         50         57          0         96       1636   c_w.l
       636         20          0          0          0        424   fz_ws.l

    ----------------------------------------------------------------------
      2114         70         58          0         96       2060   Library Totals

    ----------------------------------------------------------------------

==============================================================================


      Code (inc. data)   RO Data    RW Data    ZI Data      Debug   

     20716       2170       6800        392       1336     386528   Grand Totals
     20716       2170       6800        120       1336     386528   ELF Image Totals (compressed)
     20716       2170       6800        120          0          0   ROM Totals

==============================================================================

    Total RO  Size (Code + RO Data)                27516 (  26.87kB)
    Total RW  Size (RW Data + ZI Data)              1728 (   1.69kB)
    Total ROM Size (Code + RO Data + RW Data)      27636 (  26.99kB)

==============================================================================

